Component: ARM Compiler 5.05 (build 41) Tool: armlink [4d0eb9]

==============================================================================

Section Cross References

    main.o(.text) refers to _printf_percent.o(.ARM.Collect$$_printf_percent$$00000000) for _printf_percent
    main.o(.text) refers to _printf_s.o(.ARM.Collect$$_printf_percent$$00000014) for _printf_s
    main.o(.text) refers to _printf_str.o(.text) for _printf_str
    main.o(.text) refers to _printf_d.o(.ARM.Collect$$_printf_percent$$00000009) for _printf_d
    main.o(.text) refers to _printf_dec.o(.text) for _printf_int_dec
    main.o(.text) refers to _printf_x.o(.ARM.Collect$$_printf_percent$$0000000C) for _printf_x
    main.o(.text) refers to _printf_hex_int.o(.text) for _printf_longlong_hex
    main.o(.text) refers to tft_driver.o(.text) for TFT_Clear
    main.o(.text) refers to delay.o(.text) for delay_ms
    main.o(.text) refers to ff.o(.text) for f_opendir
    main.o(.text) refers to strlen.o(.text) for strlen
    main.o(.text) refers to noretval__2sprintf.o(.text) for __2sprintf
    main.o(.text) refers to noretval__2printf.o(.text) for __2printf
    main.o(.text) refers to main.o(.data) for Num
    main.o(.text) refers to main.o(.conststring) for .conststring
    main.o(.text) refers to main.o(.bss) for fs
    main.o(.text) refers to mmc_sd.o(.text) for SD_Init
    main.o(.text) refers to rtc.o(.text) for RTC_Init
    main.o(.text) refers to system_stm32f10x.o(.text) for SystemInit
    main.o(.text) refers to usart.o(.text) for uart_init
    main.o(.text) refers to rtc.o(.bss) for timer
    main.o(.data) refers to main.o(.conststring) for .conststring
    system_stm32f10x.o(.text) refers to system_stm32f10x.o(.data) for SystemCoreClock
    led.o(.text) refers to stm32f10x_rcc.o(.text) for RCC_APB2PeriphClockCmd
    led.o(.text) refers to stm32f10x_gpio.o(.text) for GPIO_Init
    tft_driver.o(.text) refers to stm32f10x_rcc.o(.text) for RCC_APB2PeriphClockCmd
    tft_driver.o(.text) refers to stm32f10x_gpio.o(.text) for GPIO_Init
    tft_driver.o(.text) refers to stm32f10x_spi.o(.text) for SPI_Init
    tft_driver.o(.text) refers to delay.o(.text) for delay_ms
    tft_driver.o(.text) refers to tft_driver.o(.constdata) for asc16
    mmc_sd.o(.text) refers to _printf_percent.o(.ARM.Collect$$_printf_percent$$00000000) for _printf_percent
    mmc_sd.o(.text) refers to _printf_d.o(.ARM.Collect$$_printf_percent$$00000009) for _printf_d
    mmc_sd.o(.text) refers to _printf_dec.o(.text) for _printf_int_dec
    mmc_sd.o(.text) refers to stm32f10x_spi.o(.text) for SPI_I2S_GetFlagStatus
    mmc_sd.o(.text) refers to spi.o(.text) for SPIx_ReadWriteByte
    mmc_sd.o(.text) refers to noretval__2printf.o(.text) for __2printf
    mmc_sd.o(.text) refers to mmc_sd.o(.data) for SD_Type
    mmc_sd.o(.text) refers to delay.o(.text) for delay_ms
    rtc.o(.text) refers to misc.o(.text) for NVIC_Init
    rtc.o(.text) refers to stm32f10x_rtc.o(.text) for RTC_WaitForLastTask
    rtc.o(.text) refers to stm32f10x_bkp.o(.text) for BKP_ReadBackupRegister
    rtc.o(.text) refers to stm32f10x_rcc.o(.text) for RCC_APB1PeriphClockCmd
    rtc.o(.text) refers to stm32f10x_pwr.o(.text) for PWR_BackupAccessCmd
    rtc.o(.text) refers to delay.o(.text) for delay_ms
    rtc.o(.text) refers to rtc.o(.constdata) for table_week
    rtc.o(.text) refers to rtc.o(.data) for daycnt
    rtc.o(.text) refers to rtc.o(.bss) for timer
    rtc.o(.text) refers to main.o(.data) for COMPILED_DATE
    flash.o(.text) refers to stm32f10x_gpio.o(.text) for GPIO_Init
    flash.o(.text) refers to spi.o(.text) for SPIx_Init
    flash.o(.text) refers to delay.o(.text) for delay_us
    flash.o(.text) refers to flash.o(.bss) for SPI_FLASH_BUF
    delay.o(.text) refers to misc.o(.text) for SysTick_CLKSourceConfig
    delay.o(.text) refers to delay.o(.data) for fac_us
    sys.o(.text) refers to misc.o(.text) for NVIC_PriorityGroupConfig
    usart.o(.text) refers (Special) to use_no_semi_2.o(.text) for __use_no_semihosting
    usart.o(.text) refers to stm32f10x_rcc.o(.text) for RCC_APB2PeriphClockCmd
    usart.o(.text) refers to stm32f10x_gpio.o(.text) for GPIO_Init
    usart.o(.text) refers to misc.o(.text) for NVIC_Init
    usart.o(.text) refers to stm32f10x_usart.o(.text) for USART_Init
    usart.o(.text) refers to usart.o(.data) for USART_RX_STA
    usart.o(.text) refers to usart.o(.bss) for USART_RX_BUF
    usart.o(.bss) refers (Special) to use_no_semi_2.o(.text) for __use_no_semihosting
    usart.o(.data) refers (Special) to use_no_semi_2.o(.text) for __use_no_semihosting
    startup_stm32f10x_md.o(STACK) refers (Special) to heapauxi.o(.text) for __use_two_region_memory
    startup_stm32f10x_md.o(HEAP) refers (Special) to heapauxi.o(.text) for __use_two_region_memory
    startup_stm32f10x_md.o(RESET) refers (Special) to heapauxi.o(.text) for __use_two_region_memory
    startup_stm32f10x_md.o(RESET) refers to startup_stm32f10x_md.o(STACK) for __initial_sp
[...]
    _get_argv_nomalloc.o(.text) refers to sys_command.o(.text) for _sys_command_string
    libshutdown.o(.ARM.Collect$$libshutdown$$00000000) refers (Special) to libshutdown2.o(.ARM.Collect$$libshutdown$$00000006) for __rt_lib_shutdown_fp_trap_1
    libshutdown.o(.ARM.Collect$$libshutdown$$00000000) refers (Special) to libshutdown2.o(.ARM.Collect$$libshutdown$$0000000E) for __rt_lib_shutdown_heap_1
    libshutdown.o(.ARM.Collect$$libshutdown$$00000000) refers (Special) to libshutdown2.o(.ARM.Collect$$libshutdown$$0000000F) for __rt_lib_shutdown_return
    libshutdown.o(.ARM.Collect$$libshutdown$$00000000) refers (Special) to libshutdown2.o(.ARM.Collect$$libshutdown$$00000009) for __rt_lib_shutdown_signal_1
    libshutdown.o(.ARM.Collect$$libshutdown$$00000000) refers (Special) to libshutdown2.o(.ARM.Collect$$libshutdown$$00000003) for __rt_lib_shutdown_stdio_1
    libshutdown.o(.ARM.Collect$$libshutdown$$00000000) refers (Special) to libshutdown2.o(.ARM.Collect$$libshutdown$$0000000B) for __rt_lib_shutdown_user_alloc_1
    sys_command.o(.text) refers (Special) to use_no_semi.o(.text) for __I$use$semihosting
    sys_command.o(.text) refers (Special) to indicate_semi.o(.text) for __semihosting_library_function
    defsig_rtmem_outer.o(.text) refers to defsig_rtmem_inner.o(.text) for __rt_SIGRTMEM_inner
    defsig_rtmem_outer.o(.text) refers to defsig_exit.o(.text) for __sig_exit
    defsig_rtmem_formal.o(.text) refers to rt_raise.o(.text) for __rt_raise
    rt_raise.o(.text) refers to __raise.o(.text) for __raise
    rt_raise.o(.text) refers to usart.o(.text) for _sys_exit
    defsig_exit.o(.text) refers to usart.o(.text) for _sys_exit
    defsig_rtmem_inner.o(.text) refers to defsig_general.o(.text) for __default_signal_display
    __raise.o(.text) refers to defsig.o(CL$$defsig) for __default_signal_handler
    defsig_general.o(.text) refers to sys_wrch.o(.text) for _ttywrch
    sys_wrch.o(.text) refers (Special) to use_no_semi.o(.text) for __I$use$semihosting
    sys_wrch.o(.text) refers (Special) to indicate_semi.o(.text) for __semihosting_library_function
    defsig.o(CL$$defsig) refers to defsig_rtmem_inner.o(.text) for __rt_SIGRTMEM_inner
    defsig_abrt_inner.o(.text) refers to defsig_general.o(.text) for __default_signal_display
    defsig_fpe_inner.o(.text) refers to defsig_general.o(.text) for __default_signal_display
    defsig_rtred_inner.o(.text) refers to defsig_general.o(.text) for __default_signal_display
    defsig_stak_inner.o(.text) refers to defsig_general.o(.text) for __default_signal_display
    defsig_pvfn_inner.o(.text) refers to defsig_general.o(.text) for __default_signal_display
    defsig_cppl_inner.o(.text) refers to defsig_general.o(.text) for __default_signal_display
    defsig_segv_inner.o(.text) refers to defsig_general.o(.text) for __default_signal_display
    defsig_other.o(.text) refers to defsig_general.o(.text) for __default_signal_display


==============================================================================

Removing Unused input sections from the image.

    Removing led.o(.text), (56 bytes).
    Removing flash.o(.text), (808 bytes).
    Removing flash.o(.bss), (4096 bytes).
    Removing sys.o(.text), (12 bytes).
    Removing core_cm3.o(.emb_text), (32 bytes).
    Removing stm32f10x_can.o(.text), (2544 bytes).
    Removing stm32f10x_crc.o(.text), (72 bytes).
    Removing stm32f10x_dac.o(.text), (396 bytes).
    Removing stm32f10x_dbgmcu.o(.text), (48 bytes).
    Removing stm32f10x_dma.o(.text), (596 bytes).
    Removing stm32f10x_exti.o(.text), (284 bytes).
    Removing stm32f10x_i2c.o(.text), (1028 bytes).
    Removing stm32f10x_iwdg.o(.text), (64 bytes).
    Removing stm32f10x_tim.o(.text), (3610 bytes).
    Removing stm32f10x_wwdg.o(.text), (136 bytes).

15 unused section(s) (total 13782 bytes) removed from the image.

==============================================================================

Image Symbol Table

    Local Symbols

    Symbol Name                              Value     Ov Type        Size  Object(Section)

    ../clib/angel/boardlib.s                 0x00000000   Number         0  boardinit1.o ABSOLUTE
    ../clib/angel/boardlib.s                 0x00000000   Number         0  boardinit3.o ABSOLUTE
    ../clib/angel/boardlib.s                 0x00000000   Number         0  boardinit2.o ABSOLUTE
    ../clib/angel/boardlib.s                 0x00000000   Number         0  boardshut.o ABSOLUTE
    ../clib/angel/handlers.s                 0x00000000   Number         0  __scatter_zi.o ABSOLUTE
    ../clib/angel/handlers.s                 0x00000000   Number         0  __scatter_copy.o ABSOLUTE
    ../clib/angel/kernel.s                   0x00000000   Number         0  rtexit2.o ABSOLUTE
    ../clib/angel/kernel.s                   0x00000000   Number         0  __rtentry.o ABSOLUTE
    ../clib/angel/kernel.s                   0x00000000   Number         0  rtexit.o ABSOLUTE
    ../clib/angel/kernel.s                   0x00000000   Number         0  __rtentry4.o ABSOLUTE
    ../clib/angel/kernel.s                   0x00000000   Number         0  __rtentry2.o ABSOLUTE
    ../clib/angel/rt.s                       0x00000000   Number         0  rt_raise.o ABSOLUTE
    ../clib/angel/scatter.s                  0x00000000   Number         0  __scatter.o ABSOLUTE
    ../clib/angel/startup.s                  0x00000000   Number         0  __main.o ABSOLUTE
    ../clib/angel/sys.s                      0x00000000   Number         0  use_no_semi.o ABSOLUTE
    ../clib/angel/sys.s                      0x00000000   Number         0  sys_stackheap_outer.o ABSOLUTE
    ../clib/angel/sys.s                      0x00000000   Number         0  indicate_semi.o ABSOLUTE
    ../clib/angel/sys.s                      0x00000000   Number         0  libspace.o ABSOLUTE
    ../clib/angel/sys.s                      0x00000000   Number         0  use_no_semi_2.o ABSOLUTE
    ../clib/angel/sysapp.c                   0x00000000   Number         0  sys_command.o ABSOLUTE
    ../clib/angel/sysapp.c                   0x00000000   Number         0  sys_wrch.o ABSOLUTE
    ../clib/armsys.c                         0x00000000   Number         0  _get_argv_nomalloc.o ABSOLUTE
    ../clib/armsys.c                         0x00000000   Number         0  argv_veneer.o ABSOLUTE
    ../clib/armsys.c                         0x00000000   Number         0  no_argv.o ABSOLUTE
    ../clib/armsys.c                         0x00000000   Number         0  argv_veneer.o ABSOLUTE
    ../clib/heapalloc.c                      0x00000000   Number         0  hrguard.o ABSOLUTE
    ../clib/heapaux.c                        0x00000000   Number         0  heapauxi.o ABSOLUTE
    ../clib/libinit.s                        0x00000000   Number         0  libinit2.o ABSOLUTE
    ../clib/libinit.s                        0x00000000   Number         0  libshutdown.o ABSOLUTE
    ../clib/libinit.s                        0x00000000   Number         0  libinit.o ABSOLUTE
    ../clib/libinit.s                        0x00000000   Number         0  libshutdown2.o ABSOLUTE
    ../clib/printf.c                         0x00000000   Number         0  _printf_hex_int_ll.o ABSOLUTE
    ../clib/printf.c                         0x00000000   Number         0  _printf_intcommon.o ABSOLUTE
    ../clib/printf.c                         0x00000000   Number         0  _printf_char_common.o ABSOLUTE
    ../clib/printf.c                         0x00000000   Number         0  _sputc.o ABSOLUTE
    ../clib/printf.c                         0x00000000   Number         0  _printf_char.o ABSOLUTE
    ../clib/printf.c                         0x00000000   Number         0  _printf_str.o ABSOLUTE
    ../clib/printf.c                         0x00000000   Number         0  __printf_nopercent.o ABSOLUTE
    ../clib/printf.c                         0x00000000   Number         0  __printf_flags.o ABSOLUTE
    ../clib/printf.c                         0x00000000   Number         0  _printf_char_file.o ABSOLUTE
    ../clib/printf.c                         0x00000000   Number         0  __printf_flags_ss.o ABSOLUTE
    ../clib/printf.c                         0x00000000   Number         0  _printf_dec.o ABSOLUTE
    ../clib/printf.c                         0x00000000   Number         0  __printf_ss.o ABSOLUTE
    ../clib/printf.c                         0x00000000   Number         0  _printf_hex_ll.o ABSOLUTE
    ../clib/printf.c                         0x00000000   Number         0  _printf_hex_int.o ABSOLUTE
    ../clib/printf.c                         0x00000000   Number         0  _printf_hex_int_ll_ptr.o ABSOLUTE
    ../clib/printf.c                         0x00000000   Number         0  _printf_hex_ll_ptr.o ABSOLUTE
    ../clib/printf.c                         0x00000000   Number         0  _printf_hex_int_ptr.o ABSOLUTE
    ../clib/printf.c                         0x00000000   Number         0  noretval__2printf.o ABSOLUTE
    ../clib/printf.c                         0x00000000   Number         0  _printf_hex_ptr.o ABSOLUTE
    ../clib/printf.c                         0x00000000   Number         0  __printf_flags_ss_wp.o ABSOLUTE
    ../clib/printf.c                         0x00000000   Number         0  __2printf.o ABSOLUTE
    ../clib/printf.c                         0x00000000   Number         0  __2sprintf.o ABSOLUTE
    ../clib/printf.c                         0x00000000   Number         0  __printf_ss_wp.o ABSOLUTE
    ../clib/printf.c                         0x00000000   Number         0  noretval__2sprintf.o ABSOLUTE
    ../clib/printf.c                         0x00000000   Number         0  __printf_flags_wp.o ABSOLUTE
    ../clib/printf.c                         0x00000000   Number         0  __printf.o ABSOLUTE
    ../clib/printf.c                         0x00000000   Number         0  __printf_wp.o ABSOLUTE
    ../clib/printf_percent.s                 0x00000000   Number         0  _printf_s.o ABSOLUTE
    ../clib/printf_percent.s                 0x00000000   Number         0  _printf_percent.o ABSOLUTE
    ../clib/printf_percent.s                 0x00000000   Number         0  _printf_d.o ABSOLUTE
    ../clib/printf_percent.s                 0x00000000   Number         0  _printf_percent_end.o ABSOLUTE
    ../clib/printf_percent.s                 0x00000000   Number         0  _printf_x.o ABSOLUTE
    ../clib/signal.c                         0x00000000   Number         0  defsig_other.o ABSOLUTE
    ../clib/signal.c                         0x00000000   Number         0  defsig_segv_inner.o ABSOLUTE
    ../clib/signal.c                         0x00000000   Number         0  defsig_cppl_inner.o ABSOLUTE
    ../clib/signal.c                         0x00000000   Number         0  defsig_pvfn_inner.o ABSOLUTE
    ../clib/signal.c                         0x00000000   Number         0  defsig_stak_inner.o ABSOLUTE
    ../clib/signal.c                         0x00000000   Number         0  defsig_fpe_inner.o ABSOLUTE
    ../clib/signal.c                         0x00000000   Number         0  defsig_abrt_inner.o ABSOLUTE
    ../clib/signal.c                         0x00000000   Number         0  defsig_general.o ABSOLUTE
    ../clib/signal.c                         0x00000000   Number         0  __raise.o ABSOLUTE
    ../clib/signal.c                         0x00000000   Number         0  defsig_rtmem_inner.o ABSOLUTE
    ../clib/signal.c                         0x00000000   Number         0  defsig_exit.o ABSOLUTE
    ../clib/signal.c                         0x00000000   Number         0  defsig_rtmem_formal.o ABSOLUTE
    ../clib/signal.c                         0x00000000   Number         0  defsig_rtmem_outer.o ABSOLUTE
    ../clib/signal.c                         0x00000000   Number         0  defsig_rtred_inner.o ABSOLUTE
    ../clib/signal.s                         0x00000000   Number         0  defsig.o ABSOLUTE
    ../clib/stdio.c                          0x00000000   Number         0  ferror_locked.o ABSOLUTE
    ../clib/stdio.c                          0x00000000   Number         0  ferror.o ABSOLUTE
    ../clib/stdlib.c                         0x00000000   Number         0  exit.o ABSOLUTE
    ../clib/string.c                         0x00000000   Number         0  strlen.o ABSOLUTE
    ../fplib/fpinit.s                        0x00000000   Number         0  fpinit.o ABSOLUTE
    ..\CORE\core_cm3.c                       0x00000000   Number         0  core_cm3.o ABSOLUTE
    ..\CORE\startup_stm32f10x_md.s           0x00000000   Number         0  startup_stm32f10x_md.o ABSOLUTE
    ..\FATFS\src\diskio.c                    0x00000000   Number         0  diskio.o ABSOLUTE
    ..\FATFS\src\ff.c                        0x00000000   Number         0  ff.o ABSOLUTE
    ..\FATFS\src\option\syscall.c            0x00000000   Number         0  syscall.o ABSOLUTE
    ..\FATFS\src\option\unicode.c            0x00000000   Number         0  unicode.o ABSOLUTE
    ..\HARDWARE\FLASH\flash.c                0x00000000   Number         0  flash.o ABSOLUTE
    ..\HARDWARE\LED\led.c                    0x00000000   Number         0  led.o ABSOLUTE
    ..\HARDWARE\RTC\rtc.c                    0x00000000   Number         0  rtc.o ABSOLUTE
    ..\HARDWARE\SD\MMC_SD.C                  0x00000000   Number         0  mmc_sd.o ABSOLUTE
    ..\HARDWARE\SPI\spi.c                    0x00000000   Number         0  spi.o ABSOLUTE
    ..\HARDWARE\TFT\TFT_Driver.c             0x00000000   Number         0  tft_driver.o ABSOLUTE
    ..\STM32F10x_FWLib\src\misc.c            0x00000000   Number         0  misc.o ABSOLUTE
    ..\STM32F10x_FWLib\src\stm32f10x_bkp.c   0x00000000   Number         0  stm32f10x_bkp.o ABSOLUTE
    ..\STM32F10x_FWLib\src\stm32f10x_can.c   0x00000000   Number         0  stm32f10x_can.o ABSOLUTE
    ..\STM32F10x_FWLib\src\stm32f10x_crc.c   0x00000000   Number         0  stm32f10x_crc.o ABSOLUTE
    ..\STM32F10x_FWLib\src\stm32f10x_dac.c   0x00000000   Number         0  stm32f10x_dac.o ABSOLUTE
    ..\STM32F10x_FWLib\src\stm32f10x_dbgmcu.c 0x00000000   Number         0  stm32f10x_dbgmcu.o ABSOLUTE
    ..\STM32F10x_FWLib\src\stm32f10x_dma.c   0x00000000   Number         0  stm32f10x_dma.o ABSOLUTE
    ..\STM32F10x_FWLib\src\stm32f10x_exti.c  0x00000000   Number         0  stm32f10x_exti.o ABSOLUTE
    ..\STM32F10x_FWLib\src\stm32f10x_gpio.c  0x00000000   Number         0  stm32f10x_gpio.o ABSOLUTE
    ..\STM32F10x_FWLib\src\stm32f10x_i2c.c   0x00000000   Number         0  stm32f10x_i2c.o ABSOLUTE
    ..\STM32F10x_FWLib\src\stm32f10x_iwdg.c  0x00000000   Number         0  stm32f10x_iwdg.o ABSOLUTE
    ..\STM32F10x_FWLib\src\stm32f10x_pwr.c   0x00000000   Number         0  stm32f10x_pwr.o ABSOLUTE
    ..\STM32F10x_FWLib\src\stm32f10x_rcc.c   0x00000000   Number         0  stm32f10x_rcc.o ABSOLUTE
    ..\STM32F10x_FWLib\src\stm32f10x_rtc.c   0x00000000   Number         0  stm32f10x_rtc.o ABSOLUTE
    ..\STM32F10x_FWLib\src\stm32f10x_spi.c   0x00000000   Number         0  stm32f10x_spi.o ABSOLUTE
    ..\STM32F10x_FWLib\src\stm32f10x_tim.c   0x00000000   Number         0  stm32f10x_tim.o ABSOLUTE
    ..\STM32F10x_FWLib\src\stm32f10x_usart.c 0x00000000   Number         0  stm32f10x_usart.o ABSOLUTE
    ..\STM32F10x_FWLib\src\stm32f10x_wwdg.c  0x00000000   Number         0  stm32f10x_wwdg.o ABSOLUTE
    ..\SYSTEM\delay\delay.c                  0x00000000   Number         0  delay.o ABSOLUTE
    ..\SYSTEM\sys\sys.c                      0x00000000   Number         0  sys.o ABSOLUTE
    ..\SYSTEM\usart\usart.c                  0x00000000   Number         0  usart.o ABSOLUTE
    ..\\CORE\\core_cm3.c                     0x00000000   Number         0  core_cm3.o ABSOLUTE
    dc.s                                     0x00000000   Number         0  dc.o ABSOLUTE
    main.c                                   0x00000000   Number         0  main.o ABSOLUTE
    stm32f10x_it.c                           0x00000000   Number         0  stm32f10x_it.o ABSOLUTE
    system_stm32f10x.c                       0x00000000   Number         0  system_stm32f10x.o ABSOLUTE
    RESET                                    0x08000000   Section      236  startup_stm32f10x_md.o(RESET)
    !!!main                                  0x080000ec   Section        8  __main.o(!!!main)
    !!!scatter                               0x080000f4   Section       52  __scatter.o(!!!scatter)
    !!handler_copy                           0x08000128   Section       26  __scatter_copy.o(!!handler_copy)
    !!handler_zi                             0x08000144   Section       28  __scatter_zi.o(!!handler_zi)
    .ARM.Collect$$_printf_percent$$00000000  0x08000160   Section        0  _printf_percent.o(.ARM.Collect$$_printf_percent$$00000000)
    .ARM.Collect$$_printf_percent$$00000009  0x08000160   Section        6  _printf_d.o(.ARM.Collect$$_printf_percent$$00000009)
    .ARM.Collect$$_printf_percent$$0000000C  0x08000166   Section        6  _printf_x.o(.ARM.Collect$$_printf_percent$$0000000C)
    .ARM.Collect$$_printf_percent$$00000014  0x0800016c   Section        6  _printf_s.o(.ARM.Collect$$_printf_percent$$00000014)
    .ARM.Collect$$_printf_percent$$00000017  0x08000172   Section        4  _printf_percent_end.o(.ARM.Collect$$_printf_percent$$00000017)
    .ARM.Collect$$libinit$$00000000          0x08000176   Section        2  libinit.o(.ARM.Collect$$libinit$$00000000)
    .ARM.Collect$$libinit$$00000002          0x08000178   Section        0  libinit2.o(.ARM.Collect$$libinit$$00000002)
    .ARM.Collect$$libinit$$00000004          0x08000178   Section        0  libinit2.o(.ARM.Collect$$libinit$$00000004)
    .ARM.Collect$$libinit$$0000000A          0x08000178   Section        0  libinit2.o(.ARM.Collect$$libinit$$0000000A)
    .ARM.Collect$$libinit$$0000000C          0x08000178   Section        0  libinit2.o(.ARM.Collect$$libinit$$0000000C)
    .ARM.Collect$$libinit$$0000000E          0x08000178   Section        0  libinit2.o(.ARM.Collect$$libinit$$0000000E)
    .ARM.Collect$$libinit$$00000011          0x08000178   Section        0  libinit2.o(.ARM.Collect$$libinit$$00000011)
    .ARM.Collect$$libinit$$00000013          0x08000178   Section        0  libinit2.o(.ARM.Collect$$libinit$$00000013)
    .ARM.Collect$$libinit$$00000015          0x08000178   Section        0  libinit2.o(.ARM.Collect$$libinit$$00000015)
    .ARM.Collect$$libinit$$00000017          0x08000178   Section        0  libinit2.o(.ARM.Collect$$libinit$$00000017)
    .ARM.Collect$$libinit$$00000019          0x08000178   Section        0  libinit2.o(.ARM.Collect$$libinit$$00000019)
    .ARM.Collect$$libinit$$0000001B          0x08000178   Section        0  libinit2.o(.ARM.Collect$$libinit$$0000001B)
    .ARM.Collect$$libinit$$0000001D          0x08000178   Section        0  libinit2.o(.ARM.Collect$$libinit$$0000001D)
    .ARM.Collect$$libinit$$0000001F          0x08000178   Section        0  libinit2.o(.ARM.Collect$$libinit$$0000001F)
    .ARM.Collect$$libinit$$00000021          0x08000178   Section        0  libinit2.o(.ARM.Collect$$libinit$$00000021)
    .ARM.Collect$$libinit$$00000023          0x08000178   Section        0  libinit2.o(.ARM.Collect$$libinit$$00000023)
    .ARM.Collect$$libinit$$00000025          0x08000178   Section        0  libinit2.o(.ARM.Collect$$libinit$$00000025)
    .ARM.Collect$$libinit$$0000002C          0x08000178   Section        0  libinit2.o(.ARM.Collect$$libinit$$0000002C)
    .ARM.Collect$$libinit$$0000002E          0x08000178   Section        0  libinit2.o(.ARM.Collect$$libinit$$0000002E)
    .ARM.Collect$$libinit$$00000030          0x08000178   Section        0  libinit2.o(.ARM.Collect$$libinit$$00000030)
    .ARM.Collect$$libinit$$00000032          0x08000178   Section        0  libinit2.o(.ARM.Collect$$libinit$$00000032)
    .ARM.Collect$$libinit$$00000033          0x08000178   Section        2  libinit2.o(.ARM.Collect$$libinit$$00000033)
    .ARM.Collect$$libshutdown$$00000000      0x0800017a   Section        2  libshutdown.o(.ARM.Collect$$libshutdown$$00000000)
    .ARM.Collect$$libshutdown$$00000003      0x0800017c   Section        0  libshutdown2.o(.ARM.Collect$$libshutdown$$00000003)
    .ARM.Collect$$libshutdown$$00000006      0x0800017c   Section        0  libshutdown2.o(.ARM.Collect$$libshutdown$$00000006)
    .ARM.Collect$$libshutdown$$00000009      0x0800017c   Section        0  libshutdown2.o(.ARM.Collect$$libshutdown$$00000009)
    .ARM.Collect$$libshutdown$$0000000B      0x0800017c   Section        0  libshutdown2.o(.ARM.Collect$$libshutdown$$0000000B)
    .ARM.Collect$$libshutdown$$0000000E      0x0800017c   Section        0  libshutdown2.o(.ARM.Collect$$libshutdown$$0000000E)
    .ARM.Collect$$libshutdown$$0000000F      0x0800017c   Section        2  libshutdown2.o(.ARM.Collect$$libshutdown$$0000000F)
    .ARM.Collect$$rtentry$$00000000          0x0800017e   Section        0  __rtentry.o(.ARM.Collect$$rtentry$$00000000)
    .ARM.Collect$$rtentry$$00000002          0x0800017e   Section        0  __rtentry2.o(.ARM.Collect$$rtentry$$00000002)
    .ARM.Collect$$rtentry$$00000004          0x0800017e   Section        6  __rtentry4.o(.ARM.Collect$$rtentry$$00000004)
    .ARM.Collect$$rtentry$$00000009          0x08000184   Section        0  __rtentry2.o(.ARM.Collect$$rtentry$$00000009)
    .ARM.Collect$$rtentry$$0000000A          0x08000184   Section        4  __rtentry2.o(.ARM.Collect$$rtentry$$0000000A)
    .ARM.Collect$$rtentry$$0000000C          0x08000188   Section        0  __rtentry2.o(.ARM.Collect$$rtentry$$0000000C)
    .ARM.Collect$$rtentry$$0000000D          0x08000188   Section        8  __rtentry2.o(.ARM.Collect$$rtentry$$0000000D)
    .ARM.Collect$$rtexit$$00000000           0x08000190   Section        2  rtexit.o(.ARM.Collect$$rtexit$$00000000)
    .ARM.Collect$$rtexit$$00000002           0x08000192   Section        0  rtexit2.o(.ARM.Collect$$rtexit$$00000002)
    .ARM.Collect$$rtexit$$00000003           0x08000192   Section        4  rtexit2.o(.ARM.Collect$$rtexit$$00000003)
    .ARM.Collect$$rtexit$$00000004           0x08000196   Section        6  rtexit2.o(.ARM.Collect$$rtexit$$00000004)
    .text                                    0x0800019c   Section        0  main.o(.text)
    .text                                    0x08000ea4   Section        0  stm32f10x_it.o(.text)
    .text                                    0x08000ec0   Section        0  system_stm32f10x.o(.text)
    SetSysClockTo72                          0x08000ec1   Thumb Code   214  system_stm32f10x.o(.text)
    SetSysClock                              0x08000f97   Thumb Code     8  system_stm32f10x.o(.text)
    .text                                    0x080010a0   Section        0  tft_driver.o(.text)
    .text                                    0x08001e94   Section        0  mmc_sd.o(.text)
    .text                                    0x08002a14   Section        0  spi.o(.text)
    .text                                    0x08002b7c   Section        0  rtc.o(.text)
    .text                                    0x0800304c   Section        0  delay.o(.text)
    .text                                    0x080030f8   Section        0  usart.o(.text)
    .text                                    0x08003238   Section       64  startup_stm32f10x_md.o(.text)
    .text                                    0x08003278   Section        0  misc.o(.text)
    .text                                    0x08003354   Section        0  stm32f10x_gpio.o(.text)
    .text                                    0x080036b0   Section        0  stm32f10x_pwr.o(.text)
    .text                                    0x0800377c   Section        0  stm32f10x_rcc.o(.text)
    .text                                    0x08003b20   Section        0  stm32f10x_rtc.o(.text)
    .text                                    0x08003c68   Section        0  stm32f10x_spi.o(.text)
    .text                                    0x08003f74   Section        0  stm32f10x_usart.o(.text)
    .text                                    0x0800437c   Section        0  stm32f10x_bkp.o(.text)
    .text                                    0x08004440   Section        0  diskio.o(.text)
    .text                                    0x0800456c   Section        0  ff.o(.text)
    mem_cpy                                  0x0800456d   Thumb Code    26  ff.o(.text)
    mem_set                                  0x08004587   Thumb Code    20  ff.o(.text)
    mem_cmp                                  0x0800459b   Thumb Code    38  ff.o(.text)
    chk_chr                                  0x080045c1   Thumb Code    20  ff.o(.text)
    sync_window                              0x080045d5   Thumb Code    82  ff.o(.text)
    move_window                              0x08004627   Thumb Code    52  ff.o(.text)
    sync_fs                                  0x0800465b   Thumb Code   200  ff.o(.text)
    remove_chain                             0x08004971   Thumb Code   108  ff.o(.text)
    create_chain                             0x080049dd   Thumb Code   214  ff.o(.text)
    dir_sdi                                  0x08004ab3   Thumb Code   158  ff.o(.text)
    dir_next                                 0x08004b51   Thumb Code   272  ff.o(.text)
    dir_alloc                                0x08004c61   Thumb Code    92  ff.o(.text)
    ld_clust                                 0x08004cbd   Thumb Code    32  ff.o(.text)
    st_clust                                 0x08004cdd   Thumb Code    16  ff.o(.text)
    dir_find                                 0x08004ced   Thumb Code    92  ff.o(.text)
    dir_read                                 0x08004d49   Thumb Code   114  ff.o(.text)
    dir_register                             0x08004dbb   Thumb Code    58  ff.o(.text)
    dir_remove                               0x08004df5   Thumb Code    54  ff.o(.text)
    get_fileinfo                             0x08004e2b   Thumb Code   112  ff.o(.text)
    create_name                              0x08004e9b   Thumb Code   266  ff.o(.text)
    follow_path                              0x08004fa5   Thumb Code   144  ff.o(.text)
    get_ldnumber                             0x08005035   Thumb Code    72  ff.o(.text)
    check_fs                                 0x0800507d   Thumb Code   140  ff.o(.text)
    find_volume                              0x08005109   Thumb Code   916  ff.o(.text)
    validate                                 0x0800549d   Thumb Code    54  ff.o(.text)
    .text                                    0x080062ea   Section        2  use_no_semi_2.o(.text)
    .text                                    0x080062ec   Section        0  noretval__2printf.o(.text)
    .text                                    0x08006304   Section        0  noretval__2sprintf.o(.text)
    .text                                    0x0800632c   Section        0  __printf.o(.text)
    .text                                    0x08006394   Section        0  _printf_str.o(.text)
    .text                                    0x080063e8   Section        0  _printf_dec.o(.text)
    .text                                    0x08006460   Section        0  _printf_hex_int.o(.text)
    .text                                    0x080064b8   Section        0  strlen.o(.text)
    .text                                    0x080064f6   Section        0  heapauxi.o(.text)
    .text                                    0x080064fc   Section        2  use_no_semi.o(.text)
    .text                                    0x080064fe   Section        0  _printf_intcommon.o(.text)
    .text                                    0x080065b0   Section        0  _printf_char_common.o(.text)
    _printf_input_char                       0x080065b1   Thumb Code    10  _printf_char_common.o(.text)
    .text                                    0x080065e0   Section        0  _sputc.o(.text)
    .text                                    0x080065ea   Section        0  _printf_char.o(.text)
    .text                                    0x08006618   Section        0  _printf_char_file.o(.text)
    .text                                    0x0800663c   Section        0  ferror.o(.text)
    .text                                    0x08006644   Section       74  sys_stackheap_outer.o(.text)
    .text                                    0x0800668e   Section        0  exit.o(.text)
    .text                                    0x0800669c   Section        8  libspace.o(.text)
    .constdata                               0x080066a4   Section     9007  tft_driver.o(.constdata)
    .constdata                               0x080089d3   Section       60  rtc.o(.constdata)
    .constdata                               0x08008a0f   Section      128  ff.o(.constdata)
    ExCvt                                    0x08008a0f   Data         128  ff.o(.constdata)
    .constdata                               0x08008a8f   Section       40  _printf_hex_int.o(.constdata)
    uc_hextab                                0x08008a8f   Data          20  _printf_hex_int.o(.constdata)
    lc_hextab                                0x08008aa3   Data          20  _printf_hex_int.o(.constdata)
    .conststring                             0x08008ab8   Section      425  main.o(.conststring)
    .data                                    0x20000000   Section       96  main.o(.data)
    .data                                    0x20000060   Section       20  system_stm32f10x.o(.data)
    .data                                    0x20000074   Section        1  mmc_sd.o(.data)
    .data                                    0x20000076   Section        2  rtc.o(.data)
    daycnt                                   0x20000076   Data           2  rtc.o(.data)
    .data                                    0x20000078   Section        4  delay.o(.data)
    fac_us                                   0x20000078   Data           1  delay.o(.data)
    fac_ms                                   0x2000007a   Data           2  delay.o(.data)
    .data                                    0x2000007c   Section        5  usart.o(.data)
    .data                                    0x20000081   Section       20  stm32f10x_rcc.o(.data)
    APBAHBPrescTable                         0x20000081   Data          16  stm32f10x_rcc.o(.data)
    ADCPrescTable                            0x20000091   Data           4  stm32f10x_rcc.o(.data)
    .data                                    0x20000098   Section        6  ff.o(.data)
    FatFs                                    0x20000098   Data           4  ff.o(.data)
    Fsid                                     0x2000009c   Data           2  ff.o(.data)
    .bss                                     0x200000a0   Section     2178  main.o(.bss)
    .bss                                     0x20000922   Section       10  rtc.o(.bss)
    .bss                                     0x2000092c   Section       64  usart.o(.bss)
    .bss                                     0x2000096c   Section       96  libspace.o(.bss)
    HEAP                                     0x200009d0   Section      512  startup_stm32f10x_md.o(HEAP)
    Heap_Mem                                 0x200009d0   Data         512  startup_stm32f10x_md.o(HEAP)
    STACK                                    0x20000bd0   Section     1024  startup_stm32f10x_md.o(STACK)
    Stack_Mem                                0x20000bd0   Data        1024  startup_stm32f10x_md.o(STACK)
    __initial_sp                             0x20000fd0   Data           0  startup_stm32f10x_md.o(STACK)

    Global Symbols

    Symbol Name                              Value     Ov Type        Size  Object(Section)

    BuildAttributes$$THM_ISAv4$P$D$K$B$S$PE$A:L22UL41UL21$X:L11$S22US41US21$IEEE1$IW$USESV6$~STKCKD$USESV7$~SHL$OSPACE$ROPI$EBA8$UX$STANDARDLIB$REQ8$PRES8$EABIv2 0x00000000   Number         0  anon$$obj.o ABSOLUTE
    __ARM_use_no_argv                        0x00000000   Number         0  main.o ABSOLUTE
    __ARM_exceptions_init                     - Undefined Weak Reference
    __alloca_initialize                       - Undefined Weak Reference
    __arm_preinit_                            - Undefined Weak Reference
    __cpp_initialize__aeabi_                  - Undefined Weak Reference
    __cxa_finalize                            - Undefined Weak Reference
    __rt_locale                               - Undefined Weak Reference
    __sigvec_lookup                           - Undefined Weak Reference
    _atexit_init                              - Undefined Weak Reference
    _call_atexit_fns                          - Undefined Weak Reference
    _clock_init                               - Undefined Weak Reference
    _fp_trap_init                             - Undefined Weak Reference
    _fp_trap_shutdown                         - Undefined Weak Reference
    _get_lc_collate                           - Undefined Weak Reference
    _get_lc_ctype                             - Undefined Weak Reference
    _get_lc_monetary                          - Undefined Weak Reference
    _get_lc_numeric                           - Undefined Weak Reference
    _get_lc_time                              - Undefined Weak Reference
    _getenv_init                              - Undefined Weak Reference
    _handle_redirection                       - Undefined Weak Reference
    _init_alloc                               - Undefined Weak Reference
    _init_user_alloc                          - Undefined Weak Reference
    _initio                                   - Undefined Weak Reference
    _mutex_acquire                            - Undefined Weak Reference
    _mutex_release                            - Undefined Weak Reference
    _printf_mbtowc                            - Undefined Weak Reference
    _printf_post_padding                      - Undefined Weak Reference
    _printf_pre_padding                       - Undefined Weak Reference
    _printf_truncate_signed                   - Undefined Weak Reference
    _printf_truncate_unsigned                 - Undefined Weak Reference
    _rand_init                                - Undefined Weak Reference
    _signal_finish                            - Undefined Weak Reference
    _signal_init                              - Undefined Weak Reference
    _terminate_alloc                          - Undefined Weak Reference
    _terminate_user_alloc                     - Undefined Weak Reference
    _terminateio                              - Undefined Weak Reference
    __Vectors_Size                           0x000000ec   Number         0  startup_stm32f10x_md.o ABSOLUTE
    __Vectors                                0x08000000   Data           4  startup_stm32f10x_md.o(RESET)
    __Vectors_End                            0x080000ec   Data           0  startup_stm32f10x_md.o(RESET)
    __main                                   0x080000ed   Thumb Code     8  __main.o(!!!main)
    __scatterload                            0x080000f5   Thumb Code     0  __scatter.o(!!!scatter)
    __scatterload_rt2                        0x080000f5   Thumb Code    44  __scatter.o(!!!scatter)
    __scatterload_rt2_thumb_only             0x080000f5   Thumb Code     0  __scatter.o(!!!scatter)
    __scatterload_null                       0x08000103   Thumb Code     0  __scatter.o(!!!scatter)
    __scatterload_copy                       0x08000129   Thumb Code    26  __scatter_copy.o(!!handler_copy)
    __scatterload_zeroinit                   0x08000145   Thumb Code    28  __scatter_zi.o(!!handler_zi)
    _printf_d                                0x08000161   Thumb Code     0  _printf_d.o(.ARM.Collect$$_printf_percent$$00000009)
    _printf_percent                          0x08000161   Thumb Code     0  _printf_percent.o(.ARM.Collect$$_printf_percent$$00000000)
    _printf_x                                0x08000167   Thumb Code     0  _printf_x.o(.ARM.Collect$$_printf_percent$$0000000C)
    _printf_s                                0x0800016d   Thumb Code     0  _printf_s.o(.ARM.Collect$$_printf_percent$$00000014)
    _printf_percent_end                      0x08000173   Thumb Code     0  _printf_percent_end.o(.ARM.Collect$$_printf_percent$$00000017)
    __rt_lib_init                            0x08000177   Thumb Code     0  libinit.o(.ARM.Collect$$libinit$$00000000)
    __rt_lib_init_alloca_1                   0x08000179   Thumb Code     0  libinit2.o(.ARM.Collect$$libinit$$0000002E)
    __rt_lib_init_argv_1                     0x08000179   Thumb Code     0  libinit2.o(.ARM.Collect$$libinit$$0000002C)
    __rt_lib_init_atexit_1                   0x08000179   Thumb Code     0  libinit2.o(.ARM.Collect$$libinit$$0000001B)
    __rt_lib_init_clock_1                    0x08000179   Thumb Code     0  libinit2.o(.ARM.Collect$$libinit$$00000021)
    __rt_lib_init_cpp_1                      0x08000179   Thumb Code     0  libinit2.o(.ARM.Collect$$libinit$$00000032)
    __rt_lib_init_exceptions_1               0x08000179   Thumb Code     0  libinit2.o(.ARM.Collect$$libinit$$00000030)
    __rt_lib_init_fp_1                       0x08000179   Thumb Code     0  libinit2.o(.ARM.Collect$$libinit$$00000002)
    __rt_lib_init_fp_trap_1                  0x08000179   Thumb Code     0  libinit2.o(.ARM.Collect$$libinit$$0000001F)
    __rt_lib_init_getenv_1                   0x08000179   Thumb Code     0  libinit2.o(.ARM.Collect$$libinit$$00000023)
    __rt_lib_init_heap_1                     0x08000179   Thumb Code     0  libinit2.o(.ARM.Collect$$libinit$$0000000A)
    __rt_lib_init_lc_collate_1               0x08000179   Thumb Code     0  libinit2.o(.ARM.Collect$$libinit$$00000011)
    __rt_lib_init_lc_ctype_1                 0x08000179   Thumb Code     0  libinit2.o(.ARM.Collect$$libinit$$00000013)
    __rt_lib_init_lc_monetary_1              0x08000179   Thumb Code     0  libinit2.o(.ARM.Collect$$libinit$$00000015)
    __rt_lib_init_lc_numeric_1               0x08000179   Thumb Code     0  libinit2.o(.ARM.Collect$$libinit$$00000017)
    __rt_lib_init_lc_time_1                  0x08000179   Thumb Code     0  libinit2.o(.ARM.Collect$$libinit$$00000019)
    __rt_lib_init_preinit_1                  0x08000179   Thumb Code     0  libinit2.o(.ARM.Collect$$libinit$$00000004)
    __rt_lib_init_rand_1                     0x08000179   Thumb Code     0  libinit2.o(.ARM.Collect$$libinit$$0000000E)
    __rt_lib_init_return                     0x08000179   Thumb Code     0  libinit2.o(.ARM.Collect$$libinit$$00000033)
    __rt_lib_init_signal_1                   0x08000179   Thumb Code     0  libinit2.o(.ARM.Collect$$libinit$$0000001D)
    __rt_lib_init_stdio_1                    0x08000179   Thumb Code     0  libinit2.o(.ARM.Collect$$libinit$$00000025)
    __rt_lib_init_user_alloc_1               0x08000179   Thumb Code     0  libinit2.o(.ARM.Collect$$libinit$$0000000C)
    __rt_lib_shutdown                        0x0800017b   Thumb Code     0  libshutdown.o(.ARM.Collect$$libshutdown$$00000000)
    __rt_lib_shutdown_fp_trap_1              0x0800017d   Thumb Code     0  libshutdown2.o(.ARM.Collect$$libshutdown$$00000006)
    __rt_lib_shutdown_heap_1                 0x0800017d   Thumb Code     0  libshutdown2.o(.ARM.Collect$$libshutdown$$0000000E)
    __rt_lib_shutdown_return                 0x0800017d   Thumb Code     0  libshutdown2.o(.ARM.Collect$$libshutdown$$0000000F)
    __rt_lib_shutdown_signal_1               0x0800017d   Thumb Code     0  libshutdown2.o(.ARM.Collect$$libshutdown$$00000009)
    __rt_lib_shutdown_stdio_1                0x0800017d   Thumb Code     0  libshutdown2.o(.ARM.Collect$$libshutdown$$00000003)
    __rt_lib_shutdown_user_alloc_1           0x0800017d   Thumb Code     0  libshutdown2.o(.ARM.Collect$$libshutdown$$0000000B)
    __rt_entry                               0x0800017f   Thumb Code     0  __rtentry.o(.ARM.Collect$$rtentry$$00000000)
    __rt_entry_presh_1                       0x0800017f   Thumb Code     0  __rtentry2.o(.ARM.Collect$$rtentry$$00000002)
    __rt_entry_sh                            0x0800017f   Thumb Code     0  __rtentry4.o(.ARM.Collect$$rtentry$$00000004)
    __rt_entry_li                            0x08000185   Thumb Code     0  __rtentry2.o(.ARM.Collect$$rtentry$$0000000A)
    __rt_entry_postsh_1                      0x08000185   Thumb Code     0  __rtentry2.o(.ARM.Collect$$rtentry$$00000009)
    __rt_entry_main                          0x08000189   Thumb Code     0  __rtentry2.o(.ARM.Collect$$rtentry$$0000000D)
    __rt_entry_postli_1                      0x08000189   Thumb Code     0  __rtentry2.o(.ARM.Collect$$rtentry$$0000000C)
    __rt_exit                                0x08000191   Thumb Code     0  rtexit.o(.ARM.Collect$$rtexit$$00000000)
    __rt_exit_ls                             0x08000193   Thumb Code     0  rtexit2.o(.ARM.Collect$$rtexit$$00000003)
    __rt_exit_prels_1                        0x08000193   Thumb Code     0  rtexit2.o(.ARM.Collect$$rtexit$$00000002)
    __rt_exit_exit                           0x08000197   Thumb Code     0  rtexit2.o(.ARM.Collect$$rtexit$$00000004)
    Redraw_Mainmenu                          0x0800019d   Thumb Code   354  main.o(.text)
    Num_Test                                 0x080002ff   Thumb Code   134  main.o(.text)
    Font_Test                                0x08000385   Thumb Code   212  main.o(.text)
    Color_Test                               0x08000459   Thumb Code    74  main.o(.text)
    scan_files                               0x080004a3   Thumb Code   138  main.o(.text)
    FTTest                                   0x0800052d   Thumb Code   756  main.o(.text)
    SDTest                                   0x08000821   Thumb Code   166  main.o(.text)
    testRTC                                  0x080008c7   Thumb Code   174  main.o(.text)
    main                                     0x08000975   Thumb Code   224  main.o(.text)
    SD_TotalSize                             0x08000a55   Thumb Code    76  main.o(.text)
    read16                                   0x08000aa1   Thumb Code    50  main.o(.text)
    read32                                   0x08000ad3   Thumb Code    28  main.o(.text)
    bmpReadHeader                            0x08000aef   Thumb Code   910  main.o(.text)
    NMI_Handler                              0x08000ea5   Thumb Code     2  stm32f10x_it.o(.text)
    HardFault_Handler                        0x08000ea7   Thumb Code     4  stm32f10x_it.o(.text)
    MemManage_Handler                        0x08000eab   Thumb Code     4  stm32f10x_it.o(.text)
    BusFault_Handler                         0x08000eaf   Thumb Code     4  stm32f10x_it.o(.text)
    UsageFault_Handler                       0x08000eb3   Thumb Code     4  stm32f10x_it.o(.text)
    SVC_Handler                              0x08000eb7   Thumb Code     2  stm32f10x_it.o(.text)
    DebugMon_Handler                         0x08000eb9   Thumb Code     2  stm32f10x_it.o(.text)
    PendSV_Handler                           0x08000ebb   Thumb Code     2  stm32f10x_it.o(.text)
    SysTick_Handler                          0x08000ebd   Thumb Code     2  stm32f10x_it.o(.text)
    SystemInit                               0x08000f9f   Thumb Code    78  system_stm32f10x.o(.text)
    SystemCoreClockUpdate                    0x08000fed   Thumb Code   142  system_stm32f10x.o(.text)
    SPI_WriteByte                            0x080010a1   Thumb Code    34  tft_driver.o(.text)
    SPI_SetSpeed                             0x080010c3   Thumb Code    38  tft_driver.o(.text)
    SPI2_Init                                0x080010e9   Thumb Code   178  tft_driver.o(.text)
    TFT_WriteIndex                           0x0800119b   Thumb Code    24  tft_driver.o(.text)
    TFT_WriteData                            0x080011b3   Thumb Code    24  tft_driver.o(.text)
    TFT_WriteData16Bit                       0x080011cb   Thumb Code    20  tft_driver.o(.text)
    TFT_WriteIndex16Bit                      0x080011df   Thumb Code    20  tft_driver.o(.text)
    TFT_Init                                 0x080011f3   Thumb Code   544  tft_driver.o(.text)
    TFT_SetRegion                            0x08001413   Thumb Code    62  tft_driver.o(.text)
    TFT_SetXY                                0x08001451   Thumb Code    42  tft_driver.o(.text)
    TFT_DrawPoint                            0x0800147b   Thumb Code    30  tft_driver.o(.text)
    TFT_ReadPoint                            0x08001499   Thumb Code   140  tft_driver.o(.text)
    TFT_Clear                                0x08001525   Thumb Code    66  tft_driver.o(.text)
    TFT_Circle                               0x08001567   Thumb Code   300  tft_driver.o(.text)
    TFT_DrawLine                             0x08001693   Thumb Code   186  tft_driver.o(.text)
    TFT_box                                  0x0800174d   Thumb Code   188  tft_driver.o(.text)
    TFT_box2                                 0x08001809   Thumb Code   398  tft_driver.o(.text)
    DisplayButtonUp                          0x08001997   Thumb Code   130  tft_driver.o(.text)
    DisplayButtonDown                        0x08001a19   Thumb Code   130  tft_driver.o(.text)
    TFT_DrawFont_GBK16                       0x08001a9b   Thumb Code   402  tft_driver.o(.text)
    TFT_DrawFont_GBK24                       0x08001c2d   Thumb Code   476  tft_driver.o(.text)
    TFT_DrawFont_Num32                       0x08001e09   Thumb Code   124  tft_driver.o(.text)
    SPI_ReadWriteByte                        0x08001e95   Thumb Code    54  mmc_sd.o(.text)
    SPI_SetSpeed1                            0x08001ecb   Thumb Code    84  mmc_sd.o(.text)
    SD_WaitReady                             0x08001f1f   Thumb Code    34  mmc_sd.o(.text)
    SD_GetResponse                           0x08001f41   Thumb Code    38  mmc_sd.o(.text)
    SD_WaitDataReady                         0x08001f67   Thumb Code    98  mmc_sd.o(.text)
    SD_SendCommand                           0x08001fc9   Thumb Code   130  mmc_sd.o(.text)
    SD_SendCommand_NoDeassert                0x0800204b   Thumb Code   104  mmc_sd.o(.text)
    SD_Idle_Sta                              0x080020b3   Thumb Code    68  mmc_sd.o(.text)
    SD_Init                                  0x080020f7   Thumb Code   540  mmc_sd.o(.text)
    SD_Init1                                 0x08002313   Thumb Code   456  mmc_sd.o(.text)
    SD_ReceiveData                           0x080024db   Thumb Code    84  mmc_sd.o(.text)
    SD_GetCID                                0x0800252f   Thumb Code    36  mmc_sd.o(.text)
    SD_GetCSD                                0x08002553   Thumb Code    36  mmc_sd.o(.text)
    SD_GetCapacity                           0x08002577   Thumb Code   170  mmc_sd.o(.text)
    SD_ReadSingleBlock                       0x08002621   Thumb Code    62  mmc_sd.o(.text)
    MSD_WriteBuffer                          0x0800265f   Thumb Code   164  mmc_sd.o(.text)
    MSD_ReadBuffer                           0x08002703   Thumb Code   132  mmc_sd.o(.text)
    SD_WriteSingleBlock                      0x08002787   Thumb Code   184  mmc_sd.o(.text)
    SD_ReadMultiBlock                        0x0800283f   Thumb Code   104  mmc_sd.o(.text)
    SD_WriteMultiBlock                       0x080028a7   Thumb Code   214  mmc_sd.o(.text)
    SD_Read_Bytes                            0x0800297d   Thumb Code   142  mmc_sd.o(.text)
    SPIx_ReadWriteByte                       0x08002a15   Thumb Code    70  spi.o(.text)
    SPIx_Init                                0x08002a5b   Thumb Code   162  spi.o(.text)
    SPIx_SetSpeed                            0x08002afd   Thumb Code   110  spi.o(.text)
    RTC_NVIC_Config                          0x08002b7d   Thumb Code    34  rtc.o(.text)
    RTC_Get_Week                             0x08002b9f   Thumb Code   116  rtc.o(.text)
    Is_Leap_Year                             0x08002c13   Thumb Code    58  rtc.o(.text)
    RTC_Get                                  0x08002c4d   Thumb Code   246  rtc.o(.text)
    RTC_Set                                  0x08002d43   Thumb Code   172  rtc.o(.text)
    RTC_Init                                 0x08002def   Thumb Code   186  rtc.o(.text)
    RTC_IRQHandler                           0x08002ea9   Thumb Code    82  rtc.o(.text)
    str_cmpx                                 0x08002efb   Thumb Code    36  rtc.o(.text)
    Auto_Time_Set                            0x08002f1f   Thumb Code   256  rtc.o(.text)
    delay_init                               0x0800304d   Thumb Code    52  delay.o(.text)
    delay_ms                                 0x08003081   Thumb Code    56  delay.o(.text)
    delay_us                                 0x080030b9   Thumb Code    56  delay.o(.text)
    _sys_exit                                0x080030f9   Thumb Code     4  usart.o(.text)
    fputc                                    0x080030fd   Thumb Code    24  usart.o(.text)
    uart_init                                0x08003115   Thumb Code   152  usart.o(.text)
    USART1_IRQHandler                        0x080031ad   Thumb Code   122  usart.o(.text)
    Reset_Handler                            0x08003239   Thumb Code     8  startup_stm32f10x_md.o(.text)
    ADC1_2_IRQHandler                        0x08003253   Thumb Code     0  startup_stm32f10x_md.o(.text)
    CAN1_RX1_IRQHandler                      0x08003253   Thumb Code     0  startup_stm32f10x_md.o(.text)
    CAN1_SCE_IRQHandler                      0x08003253   Thumb Code     0  startup_stm32f10x_md.o(.text)
    DMA1_Channel1_IRQHandler                 0x08003253   Thumb Code     0  startup_stm32f10x_md.o(.text)
    DMA1_Channel2_IRQHandler                 0x08003253   Thumb Code     0  startup_stm32f10x_md.o(.text)
    DMA1_Channel3_IRQHandler                 0x08003253   Thumb Code     0  startup_stm32f10x_md.o(.text)
    DMA1_Channel4_IRQHandler                 0x08003253   Thumb Code     0  startup_stm32f10x_md.o(.text)
    DMA1_Channel5_IRQHandler                 0x08003253   Thumb Code     0  startup_stm32f10x_md.o(.text)
    DMA1_Channel6_IRQHandler                 0x08003253   Thumb Code     0  startup_stm32f10x_md.o(.text)
    DMA1_Channel7_IRQHandler                 0x08003253   Thumb Code     0  startup_stm32f10x_md.o(.text)
    EXTI0_IRQHandler                         0x08003253   Thumb Code     0  startup_stm32f10x_md.o(.text)
    EXTI15_10_IRQHandler                     0x08003253   Thumb Code     0  startup_stm32f10x_md.o(.text)
    EXTI1_IRQHandler                         0x08003253   Thumb Code     0  startup_stm32f10x_md.o(.text)
    EXTI2_IRQHandler                         0x08003253   Thumb Code     0  startup_stm32f10x_md.o(.text)
    EXTI3_IRQHandler                         0x08003253   Thumb Code     0  startup_stm32f10x_md.o(.text)
    EXTI4_IRQHandler                         0x08003253   Thumb Code     0  startup_stm32f10x_md.o(.text)
    EXTI9_5_IRQHandler                       0x08003253   Thumb Code     0  startup_stm32f10x_md.o(.text)
    FLASH_IRQHandler                         0x08003253   Thumb Code     0  startup_stm32f10x_md.o(.text)
    I2C1_ER_IRQHandler                       0x08003253   Thumb Code     0  startup_stm32f10x_md.o(.text)
    I2C1_EV_IRQHandler                       0x08003253   Thumb Code     0  startup_stm32f10x_md.o(.text)
    I2C2_ER_IRQHandler                       0x08003253   Thumb Code     0  startup_stm32f10x_md.o(.text)
    I2C2_EV_IRQHandler                       0x08003253   Thumb Code     0  startup_stm32f10x_md.o(.text)
    PVD_IRQHandler                           0x08003253   Thumb Code     0  startup_stm32f10x_md.o(.text)
    RCC_IRQHandler                           0x08003253   Thumb Code     0  startup_stm32f10x_md.o(.text)
    RTCAlarm_IRQHandler                      0x08003253   Thumb Code     0  startup_stm32f10x_md.o(.text)
    SPI1_IRQHandler                          0x08003253   Thumb Code     0  startup_stm32f10x_md.o(.text)
    SPI2_IRQHandler                          0x08003253   Thumb Code     0  startup_stm32f10x_md.o(.text)
    TAMPER_IRQHandler                        0x08003253   Thumb Code     0  startup_stm32f10x_md.o(.text)
    TIM1_BRK_IRQHandler                      0x08003253   Thumb Code     0  startup_stm32f10x_md.o(.text)
    TIM1_CC_IRQHandler                       0x08003253   Thumb Code     0  startup_stm32f10x_md.o(.text)
    TIM1_TRG_COM_IRQHandler                  0x08003253   Thumb Code     0  startup_stm32f10x_md.o(.text)
    TIM1_UP_IRQHandler                       0x08003253   Thumb Code     0  startup_stm32f10x_md.o(.text)
    TIM2_IRQHandler                          0x08003253   Thumb Code     0  startup_stm32f10x_md.o(.text)
    TIM3_IRQHandler                          0x08003253   Thumb Code     0  startup_stm32f10x_md.o(.text)
    TIM4_IRQHandler                          0x08003253   Thumb Code     0  startup_stm32f10x_md.o(.text)
    USART2_IRQHandler                        0x08003253   Thumb Code     0  startup_stm32f10x_md.o(.text)
    USART3_IRQHandler                        0x08003253   Thumb Code     0  startup_stm32f10x_md.o(.text)
    USBWakeUp_IRQHandler                     0x08003253   Thumb Code     0  startup_stm32f10x_md.o(.text)
    USB_HP_CAN1_TX_IRQHandler                0x08003253   Thumb Code     0  startup_stm32f10x_md.o(.text)
    USB_LP_CAN1_RX0_IRQHandler               0x08003253   Thumb Code     0  startup_stm32f10x_md.o(.text)
    WWDG_IRQHandler                          0x08003253   Thumb Code     0  startup_stm32f10x_md.o(.text)
    __user_initial_stackheap                 0x08003255   Thumb Code     0  startup_stm32f10x_md.o(.text)
    NVIC_PriorityGroupConfig                 0x08003279   Thumb Code    10  misc.o(.text)
    NVIC_Init                                0x08003283   Thumb Code   100  misc.o(.text)
    NVIC_SetVectorTable                      0x080032e7   Thumb Code    14  misc.o(.text)
    NVIC_SystemLPConfig                      0x080032f5   Thumb Code    34  misc.o(.text)
    SysTick_CLKSourceConfig                  0x08003317   Thumb Code    40  misc.o(.text)
    GPIO_DeInit                              0x08003355   Thumb Code   172  stm32f10x_gpio.o(.text)
    GPIO_AFIODeInit                          0x08003401   Thumb Code    20  stm32f10x_gpio.o(.text)
    GPIO_Init                                0x08003415   Thumb Code   278  stm32f10x_gpio.o(.text)
    GPIO_StructInit                          0x0800352b   Thumb Code    16  stm32f10x_gpio.o(.text)
    GPIO_ReadInputDataBit                    0x0800353b   Thumb Code    18  stm32f10x_gpio.o(.text)
    GPIO_ReadInputData                       0x0800354d   Thumb Code     8  stm32f10x_gpio.o(.text)
    GPIO_ReadOutputDataBit                   0x08003555   Thumb Code    18  stm32f10x_gpio.o(.text)
    GPIO_ReadOutputData                      0x08003567   Thumb Code     8  stm32f10x_gpio.o(.text)
    GPIO_SetBits                             0x0800356f   Thumb Code     4  stm32f10x_gpio.o(.text)
    GPIO_ResetBits                           0x08003573   Thumb Code     4  stm32f10x_gpio.o(.text)
    GPIO_WriteBit                            0x08003577   Thumb Code    10  stm32f10x_gpio.o(.text)
    GPIO_Write                               0x08003581   Thumb Code     4  stm32f10x_gpio.o(.text)
    GPIO_PinLockConfig                       0x08003585   Thumb Code    18  stm32f10x_gpio.o(.text)
    GPIO_EventOutputConfig                   0x08003597   Thumb Code    26  stm32f10x_gpio.o(.text)
    GPIO_EventOutputCmd                      0x080035b1   Thumb Code     6  stm32f10x_gpio.o(.text)
    GPIO_PinRemapConfig                      0x080035b7   Thumb Code   138  stm32f10x_gpio.o(.text)
    GPIO_EXTILineConfig                      0x08003641   Thumb Code    66  stm32f10x_gpio.o(.text)
    GPIO_ETH_MediaInterfaceConfig            0x08003683   Thumb Code     8  stm32f10x_gpio.o(.text)
    PWR_DeInit                               0x080036b1   Thumb Code    22  stm32f10x_pwr.o(.text)
    PWR_BackupAccessCmd                      0x080036c7   Thumb Code     6  stm32f10x_pwr.o(.text)
    PWR_PVDCmd                               0x080036cd   Thumb Code     6  stm32f10x_pwr.o(.text)
    PWR_PVDLevelConfig                       0x080036d3   Thumb Code    18  stm32f10x_pwr.o(.text)
    PWR_WakeUpPinCmd                         0x080036e5   Thumb Code     8  stm32f10x_pwr.o(.text)
    PWR_EnterSTOPMode                        0x080036ed   Thumb Code    54  stm32f10x_pwr.o(.text)
    PWR_EnterSTANDBYMode                     0x08003723   Thumb Code    42  stm32f10x_pwr.o(.text)
    PWR_GetFlagStatus                        0x0800374d   Thumb Code    20  stm32f10x_pwr.o(.text)
    PWR_ClearFlag                            0x08003761   Thumb Code    14  stm32f10x_pwr.o(.text)
    RCC_DeInit                               0x0800377d   Thumb Code    64  stm32f10x_rcc.o(.text)
    RCC_HSEConfig                            0x080037bd   Thumb Code    70  stm32f10x_rcc.o(.text)
    RCC_GetFlagStatus                        0x08003803   Thumb Code    56  stm32f10x_rcc.o(.text)
    RCC_WaitForHSEStartUp                    0x0800383b   Thumb Code    56  stm32f10x_rcc.o(.text)
    RCC_AdjustHSICalibrationValue            0x08003873   Thumb Code    20  stm32f10x_rcc.o(.text)
    RCC_HSICmd                               0x08003887   Thumb Code     6  stm32f10x_rcc.o(.text)
    RCC_PLLConfig                            0x0800388d   Thumb Code    24  stm32f10x_rcc.o(.text)
    RCC_PLLCmd                               0x080038a5   Thumb Code     6  stm32f10x_rcc.o(.text)
    RCC_SYSCLKConfig                         0x080038ab   Thumb Code    18  stm32f10x_rcc.o(.text)
    RCC_GetSYSCLKSource                      0x080038bd   Thumb Code    10  stm32f10x_rcc.o(.text)
    RCC_HCLKConfig                           0x080038c7   Thumb Code    18  stm32f10x_rcc.o(.text)
    RCC_PCLK1Config                          0x080038d9   Thumb Code    18  stm32f10x_rcc.o(.text)
    RCC_PCLK2Config                          0x080038eb   Thumb Code    20  stm32f10x_rcc.o(.text)
    RCC_ITConfig                             0x080038ff   Thumb Code    26  stm32f10x_rcc.o(.text)
    RCC_USBCLKConfig                         0x08003919   Thumb Code     8  stm32f10x_rcc.o(.text)
    RCC_ADCCLKConfig                         0x08003921   Thumb Code    18  stm32f10x_rcc.o(.text)
    RCC_LSEConfig                            0x08003933   Thumb Code    50  stm32f10x_rcc.o(.text)
    RCC_LSICmd                               0x08003965   Thumb Code     6  stm32f10x_rcc.o(.text)
    RCC_RTCCLKConfig                         0x0800396b   Thumb Code    12  stm32f10x_rcc.o(.text)
    RCC_RTCCLKCmd                            0x08003977   Thumb Code     8  stm32f10x_rcc.o(.text)
    RCC_GetClocksFreq                        0x0800397f   Thumb Code   192  stm32f10x_rcc.o(.text)
    RCC_AHBPeriphClockCmd                    0x08003a3f   Thumb Code    26  stm32f10x_rcc.o(.text)
    RCC_APB2PeriphClockCmd                   0x08003a59   Thumb Code    26  stm32f10x_rcc.o(.text)
    RCC_APB1PeriphClockCmd                   0x08003a73   Thumb Code    26  stm32f10x_rcc.o(.text)
    RCC_APB2PeriphResetCmd                   0x08003a8d   Thumb Code    26  stm32f10x_rcc.o(.text)
    RCC_APB1PeriphResetCmd                   0x08003aa7   Thumb Code    26  stm32f10x_rcc.o(.text)
    RCC_BackupResetCmd                       0x08003ac1   Thumb Code     8  stm32f10x_rcc.o(.text)
    RCC_ClockSecuritySystemCmd               0x08003ac9   Thumb Code     6  stm32f10x_rcc.o(.text)
    RCC_MCOConfig                            0x08003acf   Thumb Code     6  stm32f10x_rcc.o(.text)
    RCC_ClearFlag                            0x08003ad5   Thumb Code    14  stm32f10x_rcc.o(.text)
    RCC_GetITStatus                          0x08003ae3   Thumb Code    20  stm32f10x_rcc.o(.text)
    RCC_ClearITPendingBit                    0x08003af7   Thumb Code     6  stm32f10x_rcc.o(.text)
    RTC_ITConfig                             0x08003b21   Thumb Code    26  stm32f10x_rtc.o(.text)
    RTC_EnterConfigMode                      0x08003b3b   Thumb Code    18  stm32f10x_rtc.o(.text)
    RTC_ExitConfigMode                       0x08003b4d   Thumb Code    20  stm32f10x_rtc.o(.text)
    RTC_GetCounter                           0x08003b61   Thumb Code    18  stm32f10x_rtc.o(.text)
    RTC_SetCounter                           0x08003b73   Thumb Code    26  stm32f10x_rtc.o(.text)
    RTC_SetPrescaler                         0x08003b8d   Thumb Code    28  stm32f10x_rtc.o(.text)
    RTC_SetAlarm                             0x08003ba9   Thumb Code    26  stm32f10x_rtc.o(.text)
    RTC_GetDivider                           0x08003bc3   Thumb Code    22  stm32f10x_rtc.o(.text)
    RTC_WaitForLastTask                      0x08003bd9   Thumb Code    18  stm32f10x_rtc.o(.text)
    RTC_WaitForSynchro                       0x08003beb   Thumb Code    36  stm32f10x_rtc.o(.text)
    RTC_GetFlagStatus                        0x08003c0f   Thumb Code    22  stm32f10x_rtc.o(.text)
    RTC_ClearFlag                            0x08003c25   Thumb Code    16  stm32f10x_rtc.o(.text)
    RTC_GetITStatus                          0x08003c35   Thumb Code    32  stm32f10x_rtc.o(.text)
    RTC_ClearITPendingBit                    0x08003c55   Thumb Code    16  stm32f10x_rtc.o(.text)
    SPI_I2S_DeInit                           0x08003c69   Thumb Code    76  stm32f10x_spi.o(.text)
    SPI_Init                                 0x08003cb5   Thumb Code    60  stm32f10x_spi.o(.text)
    I2S_Init                                 0x08003cf1   Thumb Code   226  stm32f10x_spi.o(.text)
    SPI_StructInit                           0x08003dd3   Thumb Code    24  stm32f10x_spi.o(.text)
    I2S_StructInit                           0x08003deb   Thumb Code    20  stm32f10x_spi.o(.text)
    SPI_Cmd                                  0x08003dff   Thumb Code    24  stm32f10x_spi.o(.text)
    I2S_Cmd                                  0x08003e17   Thumb Code    24  stm32f10x_spi.o(.text)
    SPI_I2S_ITConfig                         0x08003e2f   Thumb Code    32  stm32f10x_spi.o(.text)
    SPI_I2S_DMACmd                           0x08003e4f   Thumb Code    18  stm32f10x_spi.o(.text)
    SPI_I2S_SendData                         0x08003e61   Thumb Code     4  stm32f10x_spi.o(.text)
    SPI_I2S_ReceiveData                      0x08003e65   Thumb Code     6  stm32f10x_spi.o(.text)
    SPI_NSSInternalSoftwareConfig            0x08003e6b   Thumb Code    30  stm32f10x_spi.o(.text)
    SPI_SSOutputCmd                          0x08003e89   Thumb Code    24  stm32f10x_spi.o(.text)
    SPI_DataSizeConfig                       0x08003ea1   Thumb Code    18  stm32f10x_spi.o(.text)
    SPI_TransmitCRC                          0x08003eb3   Thumb Code    10  stm32f10x_spi.o(.text)
    SPI_CalculateCRC                         0x08003ebd   Thumb Code    24  stm32f10x_spi.o(.text)
    SPI_GetCRC                               0x08003ed5   Thumb Code    16  stm32f10x_spi.o(.text)
    SPI_GetCRCPolynomial                     0x08003ee5   Thumb Code     6  stm32f10x_spi.o(.text)
    SPI_BiDirectionalLineConfig              0x08003eeb   Thumb Code    28  stm32f10x_spi.o(.text)
    SPI_I2S_GetFlagStatus                    0x08003f07   Thumb Code    18  stm32f10x_spi.o(.text)
    SPI_I2S_ClearFlag                        0x08003f19   Thumb Code     6  stm32f10x_spi.o(.text)
    SPI_I2S_GetITStatus                      0x08003f1f   Thumb Code    52  stm32f10x_spi.o(.text)
    SPI_I2S_ClearITPendingBit                0x08003f53   Thumb Code    20  stm32f10x_spi.o(.text)
    USART_DeInit                             0x08003f75   Thumb Code   134  stm32f10x_usart.o(.text)
    USART_Init                               0x08003ffb   Thumb Code   210  stm32f10x_usart.o(.text)
    USART_StructInit                         0x080040cd   Thumb Code    24  stm32f10x_usart.o(.text)
    USART_ClockInit                          0x080040e5   Thumb Code    34  stm32f10x_usart.o(.text)
    USART_ClockStructInit                    0x08004107   Thumb Code    12  stm32f10x_usart.o(.text)
    USART_Cmd                                0x08004113   Thumb Code    24  stm32f10x_usart.o(.text)
    USART_ITConfig                           0x0800412b   Thumb Code    74  stm32f10x_usart.o(.text)
    USART_DMACmd                             0x08004175   Thumb Code    18  stm32f10x_usart.o(.text)
    USART_SetAddress                         0x08004187   Thumb Code    18  stm32f10x_usart.o(.text)
    USART_WakeUpConfig                       0x08004199   Thumb Code    18  stm32f10x_usart.o(.text)
    USART_ReceiverWakeUpCmd                  0x080041ab   Thumb Code    24  stm32f10x_usart.o(.text)
    USART_LINBreakDetectLengthConfig         0x080041c3   Thumb Code    18  stm32f10x_usart.o(.text)
    USART_LINCmd                             0x080041d5   Thumb Code    24  stm32f10x_usart.o(.text)
    USART_SendData                           0x080041ed   Thumb Code     8  stm32f10x_usart.o(.text)
    USART_ReceiveData                        0x080041f5   Thumb Code    10  stm32f10x_usart.o(.text)
    USART_SendBreak                          0x080041ff   Thumb Code    10  stm32f10x_usart.o(.text)
    USART_SetGuardTime                       0x08004209   Thumb Code    16  stm32f10x_usart.o(.text)
    USART_SetPrescaler                       0x08004219   Thumb Code    16  stm32f10x_usart.o(.text)
    USART_SmartCardCmd                       0x08004229   Thumb Code    24  stm32f10x_usart.o(.text)
    USART_SmartCardNACKCmd                   0x08004241   Thumb Code    24  stm32f10x_usart.o(.text)
    USART_HalfDuplexCmd                      0x08004259   Thumb Code    24  stm32f10x_usart.o(.text)
    USART_OverSampling8Cmd                   0x08004271   Thumb Code    22  stm32f10x_usart.o(.text)
    USART_OneBitMethodCmd                    0x08004287   Thumb Code    24  stm32f10x_usart.o(.text)
    USART_IrDAConfig                         0x0800429f   Thumb Code    18  stm32f10x_usart.o(.text)
    USART_IrDACmd                            0x080042b1   Thumb Code    24  stm32f10x_usart.o(.text)
    USART_GetFlagStatus                      0x080042c9   Thumb Code    26  stm32f10x_usart.o(.text)
    USART_ClearFlag                          0x080042e3   Thumb Code    18  stm32f10x_usart.o(.text)
    USART_GetITStatus                        0x080042f5   Thumb Code    84  stm32f10x_usart.o(.text)
    USART_ClearITPendingBit                  0x08004349   Thumb Code    52  stm32f10x_usart.o(.text)
    BKP_DeInit                               0x0800437d   Thumb Code    16  stm32f10x_bkp.o(.text)
    BKP_TamperPinLevelConfig                 0x0800438d   Thumb Code     6  stm32f10x_bkp.o(.text)
    BKP_TamperPinCmd                         0x08004393   Thumb Code     8  stm32f10x_bkp.o(.text)
    BKP_ITConfig                             0x0800439b   Thumb Code     8  stm32f10x_bkp.o(.text)
    BKP_RTCOutputConfig                      0x080043a3   Thumb Code    22  stm32f10x_bkp.o(.text)
    BKP_SetRTCCalibrationValue               0x080043b9   Thumb Code    22  stm32f10x_bkp.o(.text)
    BKP_WriteBackupRegister                  0x080043cf   Thumb Code    24  stm32f10x_bkp.o(.text)
    BKP_ReadBackupRegister                   0x080043e7   Thumb Code    26  stm32f10x_bkp.o(.text)
    BKP_GetFlagStatus                        0x08004401   Thumb Code    10  stm32f10x_bkp.o(.text)
    BKP_ClearFlag                            0x0800440b   Thumb Code    18  stm32f10x_bkp.o(.text)
    BKP_GetITStatus                          0x0800441d   Thumb Code    10  stm32f10x_bkp.o(.text)
    BKP_ClearITPendingBit                    0x08004427   Thumb Code    18  stm32f10x_bkp.o(.text)
    get_fattime                              0x08004441   Thumb Code     4  diskio.o(.text)
    disk_status                              0x08004445   Thumb Code     6  diskio.o(.text)
    disk_initialize                          0x0800444b   Thumb Code    52  diskio.o(.text)
    disk_read                                0x0800447f   Thumb Code    74  diskio.o(.text)
    disk_write                               0x080044c9   Thumb Code    62  diskio.o(.text)
    disk_ioctl                               0x08004507   Thumb Code    98  diskio.o(.text)
    clust2sect                               0x08004723   Thumb Code    26  ff.o(.text)
    get_fat                                  0x0800473d   Thumb Code   242  ff.o(.text)
    put_fat                                  0x0800482f   Thumb Code   322  ff.o(.text)
    f_mount                                  0x080054d3   Thumb Code    86  ff.o(.text)
    f_open                                   0x08005529   Thumb Code   354  ff.o(.text)
    f_read                                   0x0800568b   Thumb Code   434  ff.o(.text)
    f_write                                  0x0800583d   Thumb Code   472  ff.o(.text)
    f_sync                                   0x08005a15   Thumb Code   176  ff.o(.text)
    f_close                                  0x08005ac5   Thumb Code    32  ff.o(.text)
    f_lseek                                  0x08005ae5   Thumb Code   382  ff.o(.text)
    f_opendir                                0x08005c63   Thumb Code   110  ff.o(.text)
    f_closedir                               0x08005cd1   Thumb Code    22  ff.o(.text)
    f_readdir                                0x08005ce7   Thumb Code    88  ff.o(.text)
    f_stat                                   0x08005d3f   Thumb Code    60  ff.o(.text)
    f_getfree                                0x08005d7b   Thumb Code   258  ff.o(.text)
    f_truncate                               0x08005e7d   Thumb Code   184  ff.o(.text)
    f_unlink                                 0x08005f35   Thumb Code   170  ff.o(.text)
    f_mkdir                                  0x08005fdf   Thumb Code   352  ff.o(.text)
    f_chmod                                  0x0800613f   Thumb Code    84  ff.o(.text)
    f_rename                                 0x08006193   Thumb Code   258  ff.o(.text)
    f_utime                                  0x08006295   Thumb Code    86  ff.o(.text)
    __use_no_semihosting                     0x080062eb   Thumb Code     2  use_no_semi_2.o(.text)
    __2printf                                0x080062ed   Thumb Code    20  noretval__2printf.o(.text)
    __2sprintf                               0x08006305   Thumb Code    34  noretval__2sprintf.o(.text)
    __printf                                 0x0800632d   Thumb Code   104  __printf.o(.text)
    _printf_str                              0x08006395   Thumb Code    82  _printf_str.o(.text)
    _printf_int_dec                          0x080063e9   Thumb Code   104  _printf_dec.o(.text)
    _printf_int_hex                          0x08006461   Thumb Code    84  _printf_hex_int.o(.text)
    _printf_longlong_hex                     0x08006461   Thumb Code     0  _printf_hex_int.o(.text)
    strlen                                   0x080064b9   Thumb Code    62  strlen.o(.text)
    __use_two_region_memory                  0x080064f7   Thumb Code     2  heapauxi.o(.text)
    __rt_heap_escrow$2region                 0x080064f9   Thumb Code     2  heapauxi.o(.text)
    __rt_heap_expand$2region                 0x080064fb   Thumb Code     2  heapauxi.o(.text)
    __I$use$semihosting                      0x080064fd   Thumb Code     0  use_no_semi.o(.text)
    __use_no_semihosting_swi                 0x080064fd   Thumb Code     2  use_no_semi.o(.text)
    _printf_int_common                       0x080064ff   Thumb Code   178  _printf_intcommon.o(.text)
    _printf_char_common                      0x080065bb   Thumb Code    32  _printf_char_common.o(.text)
    _sputc                                   0x080065e1   Thumb Code    10  _sputc.o(.text)
    _printf_cs_common                        0x080065eb   Thumb Code    20  _printf_char.o(.text)
    _printf_char                             0x080065ff   Thumb Code    16  _printf_char.o(.text)
    _printf_string                           0x0800660f   Thumb Code     8  _printf_char.o(.text)
    _printf_char_file                        0x08006619   Thumb Code    32  _printf_char_file.o(.text)
    ferror                                   0x0800663d   Thumb Code     8  ferror.o(.text)
    __user_setup_stackheap                   0x08006645   Thumb Code    74  sys_stackheap_outer.o(.text)
    exit                                     0x0800668f   Thumb Code    12  exit.o(.text)
    __user_libspace                          0x0800669d   Thumb Code     8  libspace.o(.text)
    __user_perproc_libspace                  0x0800669d   Thumb Code     0  libspace.o(.text)
    __user_perthread_libspace                0x0800669d   Thumb Code     0  libspace.o(.text)
    asc16                                    0x080066a4   Data        1521  tft_driver.o(.constdata)
    sz32                                     0x08006c95   Data        1921  tft_driver.o(.constdata)
    hz16                                     0x08007416   Data        2940  tft_driver.o(.constdata)
    hz24                                     0x08007f92   Data        2625  tft_driver.o(.constdata)
    table_week                               0x080089d3   Data          12  rtc.o(.constdata)
    mon_table                                0x080089df   Data          12  rtc.o(.constdata)
    Month_Tab                                0x080089eb   Data          36  rtc.o(.constdata)
    Region$$Table$$Base                      0x08008c64   Number         0  anon$$obj.o(Region$$Table)
    Region$$Table$$Limit                     0x08008c84   Number         0  anon$$obj.o(Region$$Table)
    res                                      0x20000000   Data           1  main.o(.data)
    br                                       0x20000004   Data           4  main.o(.data)
    bw                                       0x20000008   Data           4  main.o(.data)
    bmpWidth                                 0x2000000c   Data           2  main.o(.data)
    bmpHeight                                0x2000000e   Data           2  main.o(.data)
    bmpDepth                                 0x20000010   Data           1  main.o(.data)
    bmpImageoffset                           0x20000011   Data           1  main.o(.data)
    path0                                    0x20000012   Data          20  main.o(.data)
    textFileBuffer                           0x20000026   Data           6  main.o(.data)
    GPIO_InitStructure                       0x2000002c   Data           4  main.o(.data)
    Num                                      0x20000030   Data          10  main.o(.data)
    rdata                                    0x2000003a   Data           1  main.o(.data)
    COMPILED_DATE                            0x2000003c   Data           4  main.o(.data)
    COMPILED_TIME                            0x20000040   Data           4  main.o(.data)
    Week                                     0x20000044   Data          28  main.o(.data)
    SystemCoreClock                          0x20000060   Data           4  system_stm32f10x.o(.data)
    AHBPrescTable                            0x20000064   Data          16  system_stm32f10x.o(.data)
    SD_Type                                  0x20000074   Data           1  mmc_sd.o(.data)
    __stdout                                 0x2000007c   Data           4  usart.o(.data)
    USART_RX_STA                             0x20000080   Data           1  usart.o(.data)
    fs                                       0x200000a0   Data         560  main.o(.bss)
    fsrc                                     0x200002d0   Data         548  main.o(.bss)
    fdst                                     0x200004f4   Data         548  main.o(.bss)
    buffer                                   0x20000718   Data          10  main.o(.bss)
    buf                                      0x20000722   Data         512  main.o(.bss)
    timer                                    0x20000922   Data          10  rtc.o(.bss)
    USART_RX_BUF                             0x2000092c   Data          64  usart.o(.bss)
    __libspace_start                         0x2000096c   Data          96  libspace.o(.bss)
    __temporary_stack_top$libspace           0x200009cc   Data           0  libspace.o(.bss)



==============================================================================

Memory Map of the image

  Image Entry point : 0x080000ed

  Load Region LR_IROM1 (Base: 0x08000000, Size: 0x00008d24, Max: 0x00010000, ABSOLUTE)

    Execution Region ER_IROM1 (Base: 0x08000000, Size: 0x00008c84, Max: 0x00010000, ABSOLUTE)

    Base Addr    Size         Type   Attr      Idx    E Section Name        Object

    0x08000000   0x000000ec   Data   RO          373    RESET               startup_stm32f10x_md.o
    0x080000ec   0x00000008   Code   RO          721  * !!!main             c_w.l(__main.o)
    0x080000f4   0x00000034   Code   RO          892    !!!scatter          c_w.l(__scatter.o)
    0x08000128   0x0000001a   Code   RO          894    !!handler_copy      c_w.l(__scatter_copy.o)
    0x08000142   0x00000002   PAD
    0x08000144   0x0000001c   Code   RO          896    !!handler_zi        c_w.l(__scatter_zi.o)
    0x08000160   0x00000000   Code   RO          716    .ARM.Collect$$_printf_percent$$00000000  c_w.l(_printf_percent.o)
    0x08000160   0x00000006   Code   RO          715    .ARM.Collect$$_printf_percent$$00000009  c_w.l(_printf_d.o)
    0x08000166   0x00000006   Code   RO          714    .ARM.Collect$$_printf_percent$$0000000C  c_w.l(_printf_x.o)
    0x0800016c   0x00000006   Code   RO          713    .ARM.Collect$$_printf_percent$$00000014  c_w.l(_printf_s.o)
    0x08000172   0x00000004   Code   RO          736    .ARM.Collect$$_printf_percent$$00000017  c_w.l(_printf_percent_end.o)
    0x08000176   0x00000002   Code   RO          767    .ARM.Collect$$libinit$$00000000  c_w.l(libinit.o)
    0x08000178   0x00000000   Code   RO          774    .ARM.Collect$$libinit$$00000002  c_w.l(libinit2.o)
    0x08000178   0x00000000   Code   RO          776    .ARM.Collect$$libinit$$00000004  c_w.l(libinit2.o)
    0x08000178   0x00000000   Code   RO          779    .ARM.Collect$$libinit$$0000000A  c_w.l(libinit2.o)
    0x08000178   0x00000000   Code   RO          781    .ARM.Collect$$libinit$$0000000C  c_w.l(libinit2.o)
    0x08000178   0x00000000   Code   RO          783    .ARM.Collect$$libinit$$0000000E  c_w.l(libinit2.o)
    0x08000178   0x00000000   Code   RO          786    .ARM.Collect$$libinit$$00000011  c_w.l(libinit2.o)
    0x08000178   0x00000000   Code   RO          788    .ARM.Collect$$libinit$$00000013  c_w.l(libinit2.o)
    0x08000178   0x00000000   Code   RO          790    .ARM.Collect$$libinit$$00000015  c_w.l(libinit2.o)
    0x08000178   0x00000000   Code   RO          792    .ARM.Collect$$libinit$$00000017  c_w.l(libinit2.o)
    0x08000178   0x00000000   Code   RO          794    .ARM.Collect$$libinit$$00000019  c_w.l(libinit2.o)
    0x08000178   0x00000000   Code   RO          796    .ARM.Collect$$libinit$$0000001B  c_w.l(libinit2.o)
    0x08000178   0x00000000   Code   RO          798    .ARM.Collect$$libinit$$0000001D  c_w.l(libinit2.o)
    0x08000178   0x00000000   Code   RO          800    .ARM.Collect$$libinit$$0000001F  c_w.l(libinit2.o)
    0x08000178   0x00000000   Code   RO          802    .ARM.Collect$$libinit$$00000021  c_w.l(libinit2.o)
    0x08000178   0x00000000   Code   RO          804    .ARM.Collect$$libinit$$00000023  c_w.l(libinit2.o)
    0x08000178   0x00000000   Code   RO          806    .ARM.Collect$$libinit$$00000025  c_w.l(libinit2.o)
    0x08000178   0x00000000   Code   RO          810    .ARM.Collect$$libinit$$0000002C  c_w.l(libinit2.o)
    0x08000178   0x00000000   Code   RO          812    .ARM.Collect$$libinit$$0000002E  c_w.l(libinit2.o)
    0x08000178   0x00000000   Code   RO          814    .ARM.Collect$$libinit$$00000030  c_w.l(libinit2.o)
    0x08000178   0x00000000   Code   RO          816    .ARM.Collect$$libinit$$00000032  c_w.l(libinit2.o)
    0x08000178   0x00000002   Code   RO          817    .ARM.Collect$$libinit$$00000033  c_w.l(libinit2.o)
    0x0800017a   0x00000002   Code   RO          835    .ARM.Collect$$libshutdown$$00000000  c_w.l(libshutdown.o)
    0x0800017c   0x00000000   Code   RO          846    .ARM.Collect$$libshutdown$$00000003  c_w.l(libshutdown2.o)
    0x0800017c   0x00000000   Code   RO          849    .ARM.Collect$$libshutdown$$00000006  c_w.l(libshutdown2.o)
    0x0800017c   0x00000000   Code   RO          852    .ARM.Collect$$libshutdown$$00000009  c_w.l(libshutdown2.o)
    0x0800017c   0x00000000   Code   RO          854    .ARM.Collect$$libshutdown$$0000000B  c_w.l(libshutdown2.o)
    0x0800017c   0x00000000   Code   RO          857    .ARM.Collect$$libshutdown$$0000000E  c_w.l(libshutdown2.o)
    0x0800017c   0x00000002   Code   RO          858    .ARM.Collect$$libshutdown$$0000000F  c_w.l(libshutdown2.o)
    0x0800017e   0x00000000   Code   RO          725    .ARM.Collect$$rtentry$$00000000  c_w.l(__rtentry.o)
    0x0800017e   0x00000000   Code   RO          738    .ARM.Collect$$rtentry$$00000002  c_w.l(__rtentry2.o)
    0x0800017e   0x00000006   Code   RO          750    .ARM.Collect$$rtentry$$00000004  c_w.l(__rtentry4.o)
    0x08000184   0x00000000   Code   RO          740    .ARM.Collect$$rtentry$$00000009  c_w.l(__rtentry2.o)
    0x08000184   0x00000004   Code   RO          741    .ARM.Collect$$rtentry$$0000000A  c_w.l(__rtentry2.o)
    0x08000188   0x00000000   Code   RO          743    .ARM.Collect$$rtentry$$0000000C  c_w.l(__rtentry2.o)
    0x08000188   0x00000008   Code   RO          744    .ARM.Collect$$rtentry$$0000000D  c_w.l(__rtentry2.o)
    0x08000190   0x00000002   Code   RO          771    .ARM.Collect$$rtexit$$00000000  c_w.l(rtexit.o)
    0x08000192   0x00000000   Code   RO          819    .ARM.Collect$$rtexit$$00000002  c_w.l(rtexit2.o)
    0x08000192   0x00000004   Code   RO          820    .ARM.Collect$$rtexit$$00000003  c_w.l(rtexit2.o)
    0x08000196   0x00000006   Code   RO          821    .ARM.Collect$$rtexit$$00000004  c_w.l(rtexit2.o)
    0x0800019c   0x00000d08   Code   RO            1    .text               main.o
    0x08000ea4   0x0000001a   Code   RO          146    .text               stm32f10x_it.o
    0x08000ebe   0x00000002   PAD
    0x08000ec0   0x000001e0   Code   RO          161    .text               system_stm32f10x.o
    0x080010a0   0x00000df4   Code   RO          220    .text               tft_driver.o
    0x08001e94   0x00000b80   Code   RO          238    .text               mmc_sd.o
    0x08002a14   0x00000168   Code   RO          260    .text               spi.o
    0x08002b7c   0x000004d0   Code   RO          272    .text               rtc.o
    0x0800304c   0x000000ac   Code   RO          311    .text               delay.o
    0x080030f8   0x00000140   Code   RO          337    .text               usart.o
    0x08003238   0x00000040   Code   RO          374    .text               startup_stm32f10x_md.o
    0x08003278   0x000000dc   Code   RO          378    .text               misc.o
    0x08003354   0x0000035c   Code   RO          462    .text               stm32f10x_gpio.o
    0x080036b0   0x000000cc   Code   RO          498    .text               stm32f10x_pwr.o
    0x0800377c   0x000003a4   Code   RO          510    .text               stm32f10x_rcc.o
    0x08003b20   0x00000148   Code   RO          524    .text               stm32f10x_rtc.o
    0x08003c68   0x0000030c   Code   RO          536    .text               stm32f10x_spi.o
    0x08003f74   0x00000408   Code   RO          560    .text               stm32f10x_usart.o
    0x0800437c   0x000000c4   Code   RO          584    .text               stm32f10x_bkp.o
    0x08004440   0x0000012c   Code   RO          596    .text               diskio.o
    0x0800456c   0x00001d7e   Code   RO          615    .text               ff.o
    0x080062ea   0x00000002   Code   RO          656    .text               c_w.l(use_no_semi_2.o)
    0x080062ec   0x00000018   Code   RO          662    .text               c_w.l(noretval__2printf.o)
    0x08006304   0x00000028   Code   RO          664    .text               c_w.l(noretval__2sprintf.o)
    0x0800632c   0x00000068   Code   RO          666    .text               c_w.l(__printf.o)
    0x08006394   0x00000052   Code   RO          668    .text               c_w.l(_printf_str.o)
    0x080063e6   0x00000002   PAD
    0x080063e8   0x00000078   Code   RO          670    .text               c_w.l(_printf_dec.o)
    0x08006460   0x00000058   Code   RO          675    .text               c_w.l(_printf_hex_int.o)
    0x080064b8   0x0000003e   Code   RO          717    .text               c_w.l(strlen.o)
    0x080064f6   0x00000006   Code   RO          719    .text               c_w.l(heapauxi.o)
    0x080064fc   0x00000002   Code   RO          723    .text               c_w.l(use_no_semi.o)
    0x080064fe   0x000000b2   Code   RO          726    .text               c_w.l(_printf_intcommon.o)
    0x080065b0   0x00000030   Code   RO          728    .text               c_w.l(_printf_char_common.o)
    0x080065e0   0x0000000a   Code   RO          730    .text               c_w.l(_sputc.o)
    0x080065ea   0x0000002c   Code   RO          732    .text               c_w.l(_printf_char.o)
    0x08006616   0x00000002   PAD
    0x08006618   0x00000024   Code   RO          734    .text               c_w.l(_printf_char_file.o)
    0x0800663c   0x00000008   Code   RO          754    .text               c_w.l(ferror.o)
    0x08006644   0x0000004a   Code   RO          758    .text               c_w.l(sys_stackheap_outer.o)
    0x0800668e   0x0000000c   Code   RO          760    .text               c_w.l(exit.o)
    0x0800669a   0x00000002   PAD
    0x0800669c   0x00000008   Code   RO          768    .text               c_w.l(libspace.o)
    0x080066a4   0x0000232f   Data   RO          221    .constdata          tft_driver.o
    0x080089d3   0x0000003c   Data   RO          274    .constdata          rtc.o
    0x08008a0f   0x00000080   Data   RO          616    .constdata          ff.o
    0x08008a8f   0x00000028   Data   RO          676    .constdata          c_w.l(_printf_hex_int.o)
    0x08008ab7   0x00000001   PAD
    0x08008ab8   0x000001a9   Data   RO            3    .conststring        main.o
    0x08008c61   0x00000003   PAD
    0x08008c64   0x00000020   Data   RO          890    Region$$Table       anon$$obj.o


    Execution Region RW_IRAM1 (Base: 0x20000000, Size: 0x00000fd0, Max: 0x00005000, ABSOLUTE)

    Base Addr    Size         Type   Attr      Idx    E Section Name        Object

    0x20000000   0x00000060   Data   RW            4    .data               main.o
    0x20000060   0x00000014   Data   RW          162    .data               system_stm32f10x.o
    0x20000074   0x00000001   Data   RW          239    .data               mmc_sd.o
    0x20000075   0x00000001   PAD
    0x20000076   0x00000002   Data   RW          275    .data               rtc.o
    0x20000078   0x00000004   Data   RW          312    .data               delay.o
    0x2000007c   0x00000005   Data   RW          339    .data               usart.o
    0x20000081   0x00000014   Data   RW          511    .data               stm32f10x_rcc.o
    0x20000095   0x00000003   PAD
    0x20000098   0x00000006   Data   RW          617    .data               ff.o
    0x2000009e   0x00000002   PAD
    0x200000a0   0x00000882   Zero   RW            2    .bss                main.o
    0x20000922   0x0000000a   Zero   RW          273    .bss                rtc.o
    0x2000092c   0x00000040   Zero   RW          338    .bss                usart.o
    0x2000096c   0x00000060   Zero   RW          769    .bss                c_w.l(libspace.o)
    0x200009cc   0x00000004   PAD
    0x200009d0   0x00000200   Zero   RW          372    HEAP                startup_stm32f10x_md.o
    0x20000bd0   0x00000400   Zero   RW          371    STACK               startup_stm32f10x_md.o


==============================================================================

Image component sizes


      Code (inc. data)   RO Data    RW Data    ZI Data      Debug   Object Name

         0          0          0          0          0         32   core_cm3.o
       172          8          0          4          0        975   delay.o
       300          4          0          0          0       3270   diskio.o
      7550         46        128          6          0      24687   ff.o
         0          0          0          0          0     203308   led.o
      3336       1330        425         96       2178     243857   main.o
       220         22          0          0          0       1729   misc.o
      2944         74          0          1          0       9542   mmc_sd.o
      1232         46         60          2         10       4332   rtc.o
       360         24          0          0          0        929   spi.o
        64         26        236          0       1536        768   startup_stm32f10x_md.o
       196          8          0          0          0       3392   stm32f10x_bkp.o
       860         38          0          0          0       5573   stm32f10x_gpio.o
        26          0          0          0          0       1146   stm32f10x_it.o
       204         14          0          0          0       1883   stm32f10x_pwr.o
       932         36          0         20          0       8708   stm32f10x_rcc.o
       328          4          0          0          0       2634   stm32f10x_rtc.o
       780         14          0          0          0       6454   stm32f10x_spi.o
      1032         22          0          0          0       8300   stm32f10x_usart.o
       480         38          0         20          0       1635   system_stm32f10x.o
      3572         34       9007          0          0       8937   tft_driver.o
       320         18          0          5         64       3026   usart.o

    ----------------------------------------------------------------------
     24910       1806       9891        160       3788     545117   Object Totals
         0          0         32          0          0          0   (incl. Generated)
         2          0          3          6          0          0   (incl. Padding)

    ----------------------------------------------------------------------

      Code (inc. data)   RO Data    RW Data    ZI Data      Debug   Library Member Name

         8          0          0          0          0         68   __main.o
       104          0          0          0          0         84   __printf.o
         0          0          0          0          0          0   __rtentry.o
        12          0          0          0          0          0   __rtentry2.o
         6          0          0          0          0          0   __rtentry4.o
        52          8          0          0          0          0   __scatter.o
        26          0          0          0          0          0   __scatter_copy.o
        28          0          0          0          0          0   __scatter_zi.o
        44          0          0          0          0        108   _printf_char.o
        48          6          0          0          0         96   _printf_char_common.o
        36          4          0          0          0         80   _printf_char_file.o
         6          0          0          0          0          0   _printf_d.o
       120         16          0          0          0         92   _printf_dec.o
        88          4         40          0          0         88   _printf_hex_int.o
       178          0          0          0          0         88   _printf_intcommon.o
         0          0          0          0          0          0   _printf_percent.o
         4          0          0          0          0          0   _printf_percent_end.o
         6          0          0          0          0          0   _printf_s.o
        82          0          0          0          0         80   _printf_str.o
         6          0          0          0          0          0   _printf_x.o
        10          0          0          0          0         68   _sputc.o
        12          0          0          0          0         72   exit.o
         8          0          0          0          0         68   ferror.o
         6          0          0          0          0        152   heapauxi.o
         2          0          0          0          0          0   libinit.o
         2          0          0          0          0          0   libinit2.o
         2          0          0          0          0          0   libshutdown.o
         2          0          0          0          0          0   libshutdown2.o
         8          4          0          0         96         68   libspace.o
        24          4          0          0          0         84   noretval__2printf.o
        40          6          0          0          0         84   noretval__2sprintf.o
         2          0          0          0          0          0   rtexit.o
        10          0          0          0          0          0   rtexit2.o
        62          0          0          0          0         76   strlen.o
        74          0          0          0          0         80   sys_stackheap_outer.o
         2          0          0          0          0         68   use_no_semi.o
         2          0          0          0          0         68   use_no_semi_2.o

    ----------------------------------------------------------------------
      1130         52         41          0        100       1672   Library Totals
         8          0          1          0          4          0   (incl. Padding)

    ----------------------------------------------------------------------

      Code (inc. data)   RO Data    RW Data    ZI Data      Debug   Library Name

      1122         52         40          0         96       1672   c_w.l

    ----------------------------------------------------------------------
      1130         52         41          0        100       1672   Library Totals

    ----------------------------------------------------------------------

==============================================================================


      Code (inc. data)   RO Data    RW Data    ZI Data      Debug   

     26040       1858       9932        160       3888     544029   Grand Totals
     26040       1858       9932        160       3888     544029   ELF Image Totals
     26040       1858       9932        160          0          0   ROM Totals

==============================================================================

    Total RO  Size (Code + RO Data)                35972 (  35.13kB)
    Total RW  Size (RW Data + ZI Data)              4048 (   3.95kB)
    Total ROM Size (Code + RO Data + RW Data)      36132 (  35.29kB)

==============================================================================

